Archive member included to satisfy reference by file (symbol)

/usr/lib/gcc/arm-none-eabi/10.2.0/thumb/v6-m/nofp/libgcc.a(_dvmd_tls.o)
                              CMakeFiles/i2c_7seg.dir/usr/share/pico-sdk/src/rp2_common/pico_divider/divider.S.obj (__aeabi_idiv0)
/usr/lib/gcc/arm-none-eabi/10.2.0/../../../../arm-none-eabi/lib/thumb/v6-m/nofp/libc.a(lib_a-atexit.o)
                              /usr/lib/gcc/arm-none-eabi/10.2.0/../../../../arm-none-eabi/lib/thumb/v6-m/nofp/crt0.o (atexit)
/usr/lib/gcc/arm-none-eabi/10.2.0/../../../../arm-none-eabi/lib/thumb/v6-m/nofp/libc.a(lib_a-calloc.o)
                              CMakeFiles/i2c_7seg.dir/usr/share/pico-sdk/src/rp2_common/pico_malloc/pico_malloc.c.obj (calloc)
/usr/lib/gcc/arm-none-eabi/10.2.0/../../../../arm-none-eabi/lib/thumb/v6-m/nofp/libc.a(lib_a-callocr.o)
                              /usr/lib/gcc/arm-none-eabi/10.2.0/../../../../arm-none-eabi/lib/thumb/v6-m/nofp/libc.a(lib_a-calloc.o) (_calloc_r)
/usr/lib/gcc/arm-none-eabi/10.2.0/../../../../arm-none-eabi/lib/thumb/v6-m/nofp/libc.a(lib_a-errno.o)
                              /usr/lib/gcc/arm-none-eabi/10.2.0/../../../../arm-none-eabi/lib/thumb/v6-m/nofp/libc.a(lib_a-callocr.o) (__errno)
/usr/lib/gcc/arm-none-eabi/10.2.0/../../../../arm-none-eabi/lib/thumb/v6-m/nofp/libc.a(lib_a-fini.o)
                              /usr/lib/gcc/arm-none-eabi/10.2.0/../../../../arm-none-eabi/lib/thumb/v6-m/nofp/crt0.o (__libc_fini_array)
/usr/lib/gcc/arm-none-eabi/10.2.0/../../../../arm-none-eabi/lib/thumb/v6-m/nofp/libc.a(lib_a-impure.o)
                              /usr/lib/gcc/arm-none-eabi/10.2.0/../../../../arm-none-eabi/lib/thumb/v6-m/nofp/libc.a(lib_a-calloc.o) (_impure_ptr)
/usr/lib/gcc/arm-none-eabi/10.2.0/../../../../arm-none-eabi/lib/thumb/v6-m/nofp/libc.a(lib_a-init.o)
                              /usr/lib/gcc/arm-none-eabi/10.2.0/../../../../arm-none-eabi/lib/thumb/v6-m/nofp/crt0.o (__libc_init_array)
/usr/lib/gcc/arm-none-eabi/10.2.0/../../../../arm-none-eabi/lib/thumb/v6-m/nofp/libc.a(lib_a-malloc.o)
                              CMakeFiles/i2c_7seg.dir/usr/share/pico-sdk/src/rp2_common/pico_malloc/pico_malloc.c.obj (malloc)
/usr/lib/gcc/arm-none-eabi/10.2.0/../../../../arm-none-eabi/lib/thumb/v6-m/nofp/libc.a(lib_a-mallocr.o)
                              /usr/lib/gcc/arm-none-eabi/10.2.0/../../../../arm-none-eabi/lib/thumb/v6-m/nofp/libc.a(lib_a-callocr.o) (_malloc_r)
/usr/lib/gcc/arm-none-eabi/10.2.0/../../../../arm-none-eabi/lib/thumb/v6-m/nofp/libc.a(lib_a-mlock.o)
                              /usr/lib/gcc/arm-none-eabi/10.2.0/../../../../arm-none-eabi/lib/thumb/v6-m/nofp/libc.a(lib_a-mallocr.o) (__malloc_lock)
/usr/lib/gcc/arm-none-eabi/10.2.0/../../../../arm-none-eabi/lib/thumb/v6-m/nofp/libc.a(lib_a-sbrkr.o)
                              /usr/lib/gcc/arm-none-eabi/10.2.0/../../../../arm-none-eabi/lib/thumb/v6-m/nofp/libc.a(lib_a-mallocr.o) (_sbrk_r)
/usr/lib/gcc/arm-none-eabi/10.2.0/../../../../arm-none-eabi/lib/thumb/v6-m/nofp/libc.a(lib_a-strlen-stub.o)
                              CMakeFiles/i2c_7seg.dir/usr/share/pico-sdk/src/rp2_common/pico_stdio/stdio.c.obj (strlen)
/usr/lib/gcc/arm-none-eabi/10.2.0/../../../../arm-none-eabi/lib/thumb/v6-m/nofp/libc.a(lib_a-__atexit.o)
                              /usr/lib/gcc/arm-none-eabi/10.2.0/../../../../arm-none-eabi/lib/thumb/v6-m/nofp/libc.a(lib_a-atexit.o) (__register_exitproc)
/usr/lib/gcc/arm-none-eabi/10.2.0/../../../../arm-none-eabi/lib/thumb/v6-m/nofp/libc.a(lib_a-__call_atexit.o)
                              /usr/lib/gcc/arm-none-eabi/10.2.0/../../../../arm-none-eabi/lib/thumb/v6-m/nofp/libc.a(lib_a-__atexit.o) (__atexit_recursive_mutex)
/usr/lib/gcc/arm-none-eabi/10.2.0/../../../../arm-none-eabi/lib/thumb/v6-m/nofp/libc.a(lib_a-freer.o)
                              /usr/lib/gcc/arm-none-eabi/10.2.0/../../../../arm-none-eabi/lib/thumb/v6-m/nofp/libc.a(lib_a-malloc.o) (_free_r)
/usr/lib/gcc/arm-none-eabi/10.2.0/../../../../arm-none-eabi/lib/thumb/v6-m/nofp/libc.a(lib_a-lock.o)
                              /usr/lib/gcc/arm-none-eabi/10.2.0/../../../../arm-none-eabi/lib/thumb/v6-m/nofp/libc.a(lib_a-mlock.o) (__retarget_lock_acquire_recursive)
/usr/lib/gcc/arm-none-eabi/10.2.0/../../../../arm-none-eabi/lib/thumb/v6-m/nofp/libc.a(lib_a-reent.o)
                              /usr/lib/gcc/arm-none-eabi/10.2.0/../../../../arm-none-eabi/lib/thumb/v6-m/nofp/libc.a(lib_a-sbrkr.o) (errno)

Discarded input sections

 .text          0x0000000000000000        0x0 /usr/lib/gcc/arm-none-eabi/10.2.0/thumb/v6-m/nofp/crti.o
 .data          0x0000000000000000        0x0 /usr/lib/gcc/arm-none-eabi/10.2.0/thumb/v6-m/nofp/crti.o
 .bss           0x0000000000000000        0x0 /usr/lib/gcc/arm-none-eabi/10.2.0/thumb/v6-m/nofp/crti.o
 .text          0x0000000000000000        0x0 /usr/lib/gcc/arm-none-eabi/10.2.0/thumb/v6-m/nofp/crtbegin.o
 .data          0x0000000000000000        0x0 /usr/lib/gcc/arm-none-eabi/10.2.0/thumb/v6-m/nofp/crtbegin.o
[...]
Memory Configuration

Name             Origin             Length             Attributes
FLASH            0x0000000010000000 0x0000000000200000 xr
RAM              0x0000000020000000 0x0000000000040000 xrw
SCRATCH_X        0x0000000020040000 0x0000000000001000 xrw
SCRATCH_Y        0x0000000020041000 0x0000000000001000 xrw
*default*        0x0000000000000000 0xffffffffffffffff

Linker script and memory map

LOAD /usr/lib/gcc/arm-none-eabi/10.2.0/thumb/v6-m/nofp/crti.o
LOAD /usr/lib/gcc/arm-none-eabi/10.2.0/thumb/v6-m/nofp/crtbegin.o
LOAD /usr/lib/gcc/arm-none-eabi/10.2.0/../../../../arm-none-eabi/lib/thumb/v6-m/nofp/crt0.o

.flash_begin    0x0000000010000000        0x0
                0x0000000010000000                __flash_binary_start = .

.boot2          0x0000000010000000      0x100
                0x0000000010000000                __boot2_start__ = .
 *(.boot2)
 .boot2         0x0000000010000000      0x100 /tmp/ccd0pTNV.o
                0x0000000010000100                __boot2_end__ = .
                0x0000000000000001                ASSERT (((__boot2_end__ - __boot2_start__) == 0x100), ERROR: Pico second stage bootloader must be 256 bytes in size)

.text           0x0000000010000100     0x4870
                0x0000000010000100                __logical_binary_start = .
 *(.vectors)
 .vectors       0x0000000010000100       0xd4 CMakeFiles/i2c_7seg.dir/usr/share/pico-sdk/src/rp2_common/pico_standard_link/crt0.S.obj
                0x0000000010000100                __vectors
                0x00000000100001c0                isr_invalid
                0x00000000100001c2                isr_nmi
                0x00000000100001c4                isr_hardfault
                0x00000000100001c6                isr_svcall
                0x00000000100001c8                isr_pendsv
                0x00000000100001ca                isr_systick
                0x00000000100001cc                isr_irq30
                0x00000000100001cc                __unhandled_user_irq
                0x00000000100001cc                isr_irq13
                0x00000000100001cc                isr_irq27
                0x00000000100001cc                isr_irq31
                0x00000000100001cc                isr_irq5
                0x00000000100001cc                isr_irq11
                0x00000000100001cc                isr_irq23
                0x00000000100001cc                isr_irq18
                0x00000000100001cc                isr_irq28
                0x00000000100001cc                isr_irq19
                0x00000000100001cc                isr_irq0
                0x00000000100001cc                isr_irq6
                0x00000000100001cc                isr_irq22
                0x00000000100001cc                isr_irq17
                0x00000000100001cc                isr_irq14
                0x00000000100001cc                isr_irq2
                0x00000000100001cc                isr_irq10
                0x00000000100001cc                isr_irq8
                0x00000000100001cc                isr_irq24
                0x00000000100001cc                isr_irq1
                0x00000000100001cc                isr_irq7
                0x00000000100001cc                isr_irq21
                0x00000000100001cc                isr_irq20
                0x00000000100001cc                isr_irq15
                0x00000000100001cc                isr_irq25
                0x00000000100001cc                isr_irq4
                0x00000000100001cc                isr_irq16
                0x00000000100001cc                isr_irq29
                0x00000000100001cc                isr_irq26
                0x00000000100001cc                isr_irq3
                0x00000000100001cc                isr_irq12
                0x00000000100001cc                isr_irq9
                0x00000000100001d2                unhandled_user_irq_num_in_r0
 *(.binary_info_header)
 .binary_info_header
                0x00000000100001d4       0x14 CMakeFiles/i2c_7seg.dir/usr/share/pico-sdk/src/rp2_common/pico_standard_link/crt0.S.obj
                0x00000000100001e8                __binary_info_header_end = .
 *(.reset)
 .reset         0x00000000100001e8       0xa8 CMakeFiles/i2c_7seg.dir/usr/share/pico-sdk/src/rp2_common/pico_standard_link/crt0.S.obj
                0x00000000100001e8                _entry_point
                0x0000000010000266                __get_current_exception
 .reset         0x0000000010000290       0x30 CMakeFiles/i2c_7seg.dir/usr/share/pico-sdk/src/rp2_common/pico_standard_link/binary_info.c.obj
 *(.init)
 .init          0x00000000100002c0        0x4 /usr/lib/gcc/arm-none-eabi/10.2.0/thumb/v6-m/nofp/crti.o
                0x00000000100002c0                _init
 *(EXCLUDE_FILE(*libm.a: *libc.a:*lib_a-mem*.o *libgcc.a:) .text*)
 .text.frame_dummy
                0x00000000100002c4       0x20 /usr/lib/gcc/arm-none-eabi/10.2.0/thumb/v6-m/nofp/crtbegin.o
 .text._Z5setupv
                0x00000000100002e4       0x70 CMakeFiles/i2c_7seg.dir/i2c_7seg.cpp.obj
                0x00000000100002e4                setup()
 .text.startup.main
                0x0000000010000354        0xc CMakeFiles/i2c_7seg.dir/i2c_7seg.cpp.obj
                0x0000000010000354                main
 .text._ZN12_GLOBAL__N_19send_dataEhh
                0x0000000010000360      0x194 CMakeFiles/i2c_7seg.dir/lib/tm1637.cpp.obj
 .text._ZN6TM1637C2Ev
                0x00000000100004f4      0x150 CMakeFiles/i2c_7seg.dir/lib/tm1637.cpp.obj
                0x00000000100004f4                TM1637::TM1637()
                0x00000000100004f4                TM1637::TM1637()
 .text._ZN6TM16379setNumberEmhh
                0x0000000010000644       0x78 CMakeFiles/i2c_7seg.dir/lib/tm1637.cpp.obj
                0x0000000010000644                TM1637::setNumber(unsigned long, unsigned char, unsigned char)
 .text._ZN6TM163712setNumberPadEmhhh
                0x00000000100006bc       0xac CMakeFiles/i2c_7seg.dir/lib/tm1637.cpp.obj
                0x00000000100006bc                TM1637::setNumberPad(unsigned long, unsigned char, unsigned char, unsigned char)
 .text._ZN6TM163713setBrightnessEh
                0x0000000010000768       0xa0 CMakeFiles/i2c_7seg.dir/lib/tm1637.cpp.obj
                0x0000000010000768                TM1637::setBrightness(unsigned char)
 .text.gpio_init
                0x0000000010000808       0x3c CMakeFiles/i2c_7seg.dir/usr/share/pico-sdk/src/rp2_common/hardware_gpio/gpio.c.obj
                0x0000000010000808                gpio_init
 .text.hw_claim_or_assert
                0x0000000010000844       0x58 CMakeFiles/i2c_7seg.dir/usr/share/pico-sdk/src/rp2_common/hardware_claim/claim.c.obj
                0x0000000010000844                hw_claim_or_assert
 .text.hw_claim_unused_from_range
                0x000000001000089c       0x9c CMakeFiles/i2c_7seg.dir/usr/share/pico-sdk/src/rp2_common/hardware_claim/claim.c.obj
                0x000000001000089c                hw_claim_unused_from_range
 .text.spin_locks_reset
                0x0000000010000938       0x1c CMakeFiles/i2c_7seg.dir/usr/share/pico-sdk/src/rp2_common/hardware_sync/sync.c.obj
                0x0000000010000938                spin_locks_reset
 .text.next_striped_spin_lock_num
                0x0000000010000954       0x18 CMakeFiles/i2c_7seg.dir/usr/share/pico-sdk/src/rp2_common/hardware_sync/sync.c.obj
                0x0000000010000954                next_striped_spin_lock_num
 .text.spin_lock_claim_unused
                0x000000001000096c       0x20 CMakeFiles/i2c_7seg.dir/usr/share/pico-sdk/src/rp2_common/hardware_sync/sync.c.obj
                0x000000001000096c                spin_lock_claim_unused
 .text.running_on_fpga
                0x000000001000098c       0x10 CMakeFiles/i2c_7seg.dir/usr/share/pico-sdk/src/rp2_common/pico_platform/platform.c.obj
                0x000000001000098c                running_on_fpga
 .text.timer_pool_entry_comparator
                0x000000001000099c       0x34 CMakeFiles/i2c_7seg.dir/usr/share/pico-sdk/src/common/pico_time/time.c.obj
                0x000000001000099c                timer_pool_entry_comparator
 .text.sev_callback
                0x00000000100009d0        0x8 CMakeFiles/i2c_7seg.dir/usr/share/pico-sdk/src/common/pico_time/time.c.obj
 .text.add_alarm_under_lock.isra.0
                0x00000000100009d8       0xf8 CMakeFiles/i2c_7seg.dir/usr/share/pico-sdk/src/common/pico_time/time.c.obj
 .text.alarm_pool_alarm_callback
                0x0000000010000ad0      0x1b0 CMakeFiles/i2c_7seg.dir/usr/share/pico-sdk/src/common/pico_time/time.c.obj
 .text.alarm_pool_add_alarm_at.constprop.0
                0x0000000010000c80      0x114 CMakeFiles/i2c_7seg.dir/usr/share/pico-sdk/src/common/pico_time/time.c.obj
 .text.alarm_pool_init_default
                0x0000000010000d94       0x58 CMakeFiles/i2c_7seg.dir/usr/share/pico-sdk/src/common/pico_time/time.c.obj
                0x0000000010000d94                alarm_pool_init_default
 .text.alarm_pool_get_default
                0x0000000010000dec        0x8 CMakeFiles/i2c_7seg.dir/usr/share/pico-sdk/src/common/pico_time/time.c.obj
                0x0000000010000dec                alarm_pool_get_default
 .text.alarm_pool_add_alarm_at
                0x0000000010000df4      0x188 CMakeFiles/i2c_7seg.dir/usr/share/pico-sdk/src/common/pico_time/time.c.obj
                0x0000000010000df4                alarm_pool_add_alarm_at
 .text.alarm_pool_cancel_alarm
                0x0000000010000f7c       0x70 CMakeFiles/i2c_7seg.dir/usr/share/pico-sdk/src/common/pico_time/time.c.obj
                0x0000000010000f7c                alarm_pool_cancel_alarm
 .text.sleep_us
                0x0000000010000fec       0xa0 CMakeFiles/i2c_7seg.dir/usr/share/pico-sdk/src/common/pico_time/time.c.obj
                0x0000000010000fec                sleep_us
 .text.sleep_ms
                0x000000001000108c       0xb0 CMakeFiles/i2c_7seg.dir/usr/share/pico-sdk/src/common/pico_time/time.c.obj
                0x000000001000108c                sleep_ms
 .text.best_effort_wfe_or_timeout
                0x000000001000113c      0x168 CMakeFiles/i2c_7seg.dir/usr/share/pico-sdk/src/common/pico_time/time.c.obj
                0x000000001000113c                best_effort_wfe_or_timeout
 .text.hardware_alarm_irq_handler
                0x00000000100012a4       0xb8 CMakeFiles/i2c_7seg.dir/usr/share/pico-sdk/src/rp2_common/hardware_timer/timer.c.obj
 .text.hardware_alarm_claim
                0x000000001000135c       0x18 CMakeFiles/i2c_7seg.dir/usr/share/pico-sdk/src/rp2_common/hardware_timer/timer.c.obj
                0x000000001000135c                hardware_alarm_claim
 .text.time_us_64
                0x0000000010001374       0x14 CMakeFiles/i2c_7seg.dir/usr/share/pico-sdk/src/rp2_common/hardware_timer/timer.c.obj
                0x0000000010001374                time_us_64
 .text.busy_wait_until
                0x0000000010001388       0x20 CMakeFiles/i2c_7seg.dir/usr/share/pico-sdk/src/rp2_common/hardware_timer/timer.c.obj
                0x0000000010001388                busy_wait_until
 .text.hardware_alarm_set_callback
                0x00000000100013a8       0x8c CMakeFiles/i2c_7seg.dir/usr/share/pico-sdk/src/rp2_common/hardware_timer/timer.c.obj
                0x00000000100013a8                hardware_alarm_set_callback
 .text.hardware_alarm_set_target
                0x0000000010001434       0xd8 CMakeFiles/i2c_7seg.dir/usr/share/pico-sdk/src/rp2_common/hardware_timer/timer.c.obj
                0x0000000010001434                hardware_alarm_set_target
 .text.hardware_alarm_cancel
                0x000000001000150c       0x3c CMakeFiles/i2c_7seg.dir/usr/share/pico-sdk/src/rp2_common/hardware_timer/timer.c.obj
                0x000000001000150c                hardware_alarm_cancel
 .text.lock_init
                0x0000000010001548       0x10 CMakeFiles/i2c_7seg.dir/usr/share/pico-sdk/src/common/pico_sync/lock_core.c.obj
                0x0000000010001548                lock_init
 .text.mutex_init
                0x0000000010001558       0x1c CMakeFiles/i2c_7seg.dir/usr/share/pico-sdk/src/common/pico_sync/mutex.c.obj
                0x0000000010001558                mutex_init
 .text.critical_section_init
                0x0000000010001574       0x18 CMakeFiles/i2c_7seg.dir/usr/share/pico-sdk/src/common/pico_sync/critical_section.c.obj
                0x0000000010001574                critical_section_init
 .text.ph_merge_nodes
                0x000000001000158c       0x5c CMakeFiles/i2c_7seg.dir/usr/share/pico-sdk/src/common/pico_util/pheap.c.obj
 .text.ph_post_alloc_init
                0x00000000100015e8       0x3c CMakeFiles/i2c_7seg.dir/usr/share/pico-sdk/src/common/pico_util/pheap.c.obj
                0x00000000100015e8                ph_post_alloc_init
 .text.ph_merge_two_pass
                0x0000000010001624       0x90 CMakeFiles/i2c_7seg.dir/usr/share/pico-sdk/src/common/pico_util/pheap.c.obj
                0x0000000010001624                ph_merge_two_pass
 .text.ph_remove_any_head
                0x00000000100016b4       0xf8 CMakeFiles/i2c_7seg.dir/usr/share/pico-sdk/src/common/pico_util/pheap.c.obj
 .text.ph_remove_head
                0x00000000100017ac       0xfc CMakeFiles/i2c_7seg.dir/usr/share/pico-sdk/src/common/pico_util/pheap.c.obj
                0x00000000100017ac                ph_remove_head
 .text.ph_remove_and_free_node
                0x00000000100018a8       0x7c CMakeFiles/i2c_7seg.dir/usr/share/pico-sdk/src/common/pico_util/pheap.c.obj
                0x00000000100018a8                ph_remove_and_free_node
 .text.runtime_init
                0x0000000010001924       0xec CMakeFiles/i2c_7seg.dir/usr/share/pico-sdk/src/rp2_common/pico_runtime/runtime.c.obj
                0x0000000010001924                runtime_init
 .text.exit     0x0000000010001a10        0x4 CMakeFiles/i2c_7seg.dir/usr/share/pico-sdk/src/rp2_common/pico_runtime/runtime.c.obj
                0x0000000010001a10                exit
 .text.panic    0x0000000010001a14       0x30 CMakeFiles/i2c_7seg.dir/usr/share/pico-sdk/src/rp2_common/pico_runtime/runtime.c.obj
                0x0000000010001a14                panic
 .text.hard_assertion_failure
                0x0000000010001a44        0xc CMakeFiles/i2c_7seg.dir/usr/share/pico-sdk/src/rp2_common/pico_runtime/runtime.c.obj
                0x0000000010001a44                hard_assertion_failure
 .text.clocks_init
                0x0000000010001a50      0x2e0 CMakeFiles/i2c_7seg.dir/usr/share/pico-sdk/src/rp2_common/hardware_clocks/clocks.c.obj
                0x0000000010001a50                clocks_init
 .text.watchdog_start_tick
                0x0000000010001d30       0x10 CMakeFiles/i2c_7seg.dir/usr/share/pico-sdk/src/rp2_common/hardware_watchdog/watchdog.c.obj
                0x0000000010001d30                watchdog_start_tick
 .text.watchdog_reboot
                0x0000000010001d40       0x98 CMakeFiles/i2c_7seg.dir/usr/share/pico-sdk/src/rp2_common/hardware_watchdog/watchdog.c.obj
                0x0000000010001d40                watchdog_reboot
 .text.xosc_init
                0x0000000010001dd8       0x28 CMakeFiles/i2c_7seg.dir/usr/share/pico-sdk/src/rp2_common/hardware_xosc/xosc.c.obj
                0x0000000010001dd8                xosc_init
 .text.pll_init
                0x0000000010001e00       0x54 CMakeFiles/i2c_7seg.dir/usr/share/pico-sdk/src/rp2_common/hardware_pll/pll.c.obj
                0x0000000010001e00                pll_init
 .text.irq_set_enabled
                0x0000000010001e54       0x24 CMakeFiles/i2c_7seg.dir/usr/share/pico-sdk/src/rp2_common/hardware_irq/irq.c.obj
                0x0000000010001e54                irq_set_enabled
 .text.irq_set_pending
                0x0000000010001e78       0x10 CMakeFiles/i2c_7seg.dir/usr/share/pico-sdk/src/rp2_common/hardware_irq/irq.c.obj
                0x0000000010001e78                irq_set_pending
 .text.irq_get_vtable_handler
                0x0000000010001e88       0x10 CMakeFiles/i2c_7seg.dir/usr/share/pico-sdk/src/rp2_common/hardware_irq/irq.c.obj
                0x0000000010001e88                irq_get_vtable_handler
 .text.irq_set_exclusive_handler
                0x0000000010001e98       0x54 CMakeFiles/i2c_7seg.dir/usr/share/pico-sdk/src/rp2_common/hardware_irq/irq.c.obj
                0x0000000010001e98                irq_set_exclusive_handler
 .text.irq_remove_handler
                0x0000000010001eec      0x1b4 CMakeFiles/i2c_7seg.dir/usr/share/pico-sdk/src/rp2_common/hardware_irq/irq.c.obj
                0x0000000010001eec                irq_remove_handler
 .text.irq_add_tail_to_free_list
                0x00000000100020a0       0xb4 CMakeFiles/i2c_7seg.dir/usr/share/pico-sdk/src/rp2_common/hardware_irq/irq.c.obj
                0x00000000100020a0                irq_add_tail_to_free_list
 .text.irq_init_priorities
                0x0000000010002154       0x38 CMakeFiles/i2c_7seg.dir/usr/share/pico-sdk/src/rp2_common/hardware_irq/irq.c.obj
                0x0000000010002154                irq_init_priorities
 .text._out_char
                0x000000001000218c       0x10 CMakeFiles/i2c_7seg.dir/usr/share/pico-sdk/src/rp2_common/pico_printf/printf.c.obj
 .text.weak_raw_vprintf
                0x000000001000219c       0x30 CMakeFiles/i2c_7seg.dir/usr/share/pico-sdk/src/rp2_common/pico_printf/printf.c.obj
                0x000000001000219c                weak_raw_vprintf
 .text          0x00000000100021cc       0x10 CMakeFiles/i2c_7seg.dir/usr/share/pico-sdk/src/rp2_common/pico_bit_ops/bit_ops_aeabi.S.obj
 .text.rom_func_lookup
                0x00000000100021dc       0x10 CMakeFiles/i2c_7seg.dir/usr/share/pico-sdk/src/rp2_common/pico_bootrom/bootrom.c.obj
                0x00000000100021dc                rom_func_lookup
 .text.rom_data_lookup
                0x00000000100021ec       0x10 CMakeFiles/i2c_7seg.dir/usr/share/pico-sdk/src/rp2_common/pico_bootrom/bootrom.c.obj
                0x00000000100021ec                rom_data_lookup
 .text.rom_funcs_lookup
                0x00000000100021fc       0x44 CMakeFiles/i2c_7seg.dir/usr/share/pico-sdk/src/rp2_common/pico_bootrom/bootrom.c.obj
                0x00000000100021fc                rom_funcs_lookup
 .text.__wrap___aeabi_uidiv
                0x0000000010002240       0x54 CMakeFiles/i2c_7seg.dir/usr/share/pico-sdk/src/rp2_common/pico_divider/divider.S.obj
                0x0000000010002240                __wrap___aeabi_uidiv
                0x0000000010002240                __wrap___aeabi_uidivmod
                0x0000000010002240                div_u32u32
                0x0000000010002240                divmod_u32u32
                0x0000000010002248                divmod_u32u32_unsafe
                0x0000000010002270                divmod_u32u32_savestate
 .text.__aeabi_double_init
                0x0000000010002294       0x80 CMakeFiles/i2c_7seg.dir/usr/share/pico-sdk/src/rp2_common/pico_double/double_init_rom.c.obj
                0x0000000010002294                __aeabi_double_init
 .text.double_table_shim_on_use_helper
                0x0000000010002314       0x2c CMakeFiles/i2c_7seg.dir/usr/share/pico-sdk/src/rp2_common/pico_double/double_v1_rom_shim.S.obj
                0x0000000010002314                double_table_shim_on_use_helper
 .text.__aeabi_lmul
                0x0000000010002340       0x32 CMakeFiles/i2c_7seg.dir/usr/share/pico-sdk/src/rp2_common/pico_int64_ops/pico_int64_ops_aeabi.S.obj
                0x0000000010002340                __wrap___aeabi_lmul
 *fill*         0x0000000010002372        0x2 
 .text.__aeabi_float_init
                0x0000000010002374       0x64 CMakeFiles/i2c_7seg.dir/usr/share/pico-sdk/src/rp2_common/pico_float/float_init_rom.c.obj
                0x0000000010002374                __aeabi_float_init
 .text.float_table_shim_on_use_helper
                0x00000000100023d8       0x2c CMakeFiles/i2c_7seg.dir/usr/share/pico-sdk/src/rp2_common/pico_float/float_v1_rom_shim.S.obj
                0x00000000100023d8                float_table_shim_on_use_helper
 .text          0x0000000010002404       0x10 CMakeFiles/i2c_7seg.dir/usr/share/pico-sdk/src/rp2_common/pico_mem_ops/mem_ops_aeabi.S.obj
                0x0000000010002404                __aeabi_mem_init
 .text.memset   0x0000000010002414        0xc CMakeFiles/i2c_7seg.dir/usr/share/pico-sdk/src/rp2_common/pico_mem_ops/mem_ops_aeabi.S.obj
                0x0000000010002414                __wrap_memset
 .text.memcpy   0x0000000010002420        0xc CMakeFiles/i2c_7seg.dir/usr/share/pico-sdk/src/rp2_common/pico_mem_ops/mem_ops_aeabi.S.obj
                0x0000000010002420                __wrap___aeabi_memcpy
                0x0000000010002420                __wrap_memcpy
 .text.stdio_out_chars_crlf.part.0
                0x000000001000242c       0x98 CMakeFiles/i2c_7seg.dir/usr/share/pico-sdk/src/rp2_common/pico_stdio/stdio.c.obj
 .text.stdio_put_string.isra.0
                0x00000000100024c4       0xf8 CMakeFiles/i2c_7seg.dir/usr/share/pico-sdk/src/rp2_common/pico_stdio/stdio.c.obj
 .text.__wrap_putchar
                0x00000000100025bc       0x1c CMakeFiles/i2c_7seg.dir/usr/share/pico-sdk/src/rp2_common/pico_stdio/stdio.c.obj
                0x00000000100025bc                __wrap_putchar
 .text.__wrap_puts
                0x00000000100025d8       0x3c CMakeFiles/i2c_7seg.dir/usr/share/pico-sdk/src/rp2_common/pico_stdio/stdio.c.obj
                0x00000000100025d8                __wrap_puts
 .text.stdio_set_driver_enabled
                0x0000000010002614       0x3c CMakeFiles/i2c_7seg.dir/usr/share/pico-sdk/src/rp2_common/pico_stdio/stdio.c.obj
                0x0000000010002614                stdio_set_driver_enabled
 .text.stdio_init_all
                0x0000000010002650        0x8 CMakeFiles/i2c_7seg.dir/usr/share/pico-sdk/src/rp2_common/pico_stdio/stdio.c.obj
                0x0000000010002650                stdio_init_all
 .text.resetd_init
                0x0000000010002658        0x4 CMakeFiles/i2c_7seg.dir/usr/share/pico-sdk/src/rp2_common/pico_stdio_usb/reset_interface.c.obj
 .text.resetd_reset
                0x000000001000265c        0xc CMakeFiles/i2c_7seg.dir/usr/share/pico-sdk/src/rp2_common/pico_stdio_usb/reset_interface.c.obj
 .text.resetd_open
                0x0000000010002668       0x28 CMakeFiles/i2c_7seg.dir/usr/share/pico-sdk/src/rp2_common/pico_stdio_usb/reset_interface.c.obj
 .text.resetd_control_complete_cb
                0x0000000010002690        0x4 CMakeFiles/i2c_7seg.dir/usr/share/pico-sdk/src/rp2_common/pico_stdio_usb/reset_interface.c.obj
 .text.resetd_xfer_cb
                0x0000000010002694        0x4 CMakeFiles/i2c_7seg.dir/usr/share/pico-sdk/src/rp2_common/pico_stdio_usb/reset_interface.c.obj
 .text.resetd_control_request_cb
                0x0000000010002698       0x60 CMakeFiles/i2c_7seg.dir/usr/share/pico-sdk/src/rp2_common/pico_stdio_usb/reset_interface.c.obj
 .text.usbd_app_driver_get_cb
                0x00000000100026f8        0xc CMakeFiles/i2c_7seg.dir/usr/share/pico-sdk/src/rp2_common/pico_stdio_usb/reset_interface.c.obj
                0x00000000100026f8                usbd_app_driver_get_cb
 .text.tud_cdc_line_coding_cb
                0x0000000010002704       0x34 CMakeFiles/i2c_7seg.dir/usr/share/pico-sdk/src/rp2_common/pico_stdio_usb/reset_interface.c.obj
                0x0000000010002704                tud_cdc_line_coding_cb
 .text.stdio_usb_in_chars
                0x0000000010002738       0x68 CMakeFiles/i2c_7seg.dir/usr/share/pico-sdk/src/rp2_common/pico_stdio_usb/stdio_usb.c.obj
                0x0000000010002738                stdio_usb_in_chars
 .text.stdio_usb_out_chars
                0x00000000100027a0       0xe4 CMakeFiles/i2c_7seg.dir/usr/share/pico-sdk/src/rp2_common/pico_stdio_usb/stdio_usb.c.obj
 .text.timer_task
                0x0000000010002884       0x10 CMakeFiles/i2c_7seg.dir/usr/share/pico-sdk/src/rp2_common/pico_stdio_usb/stdio_usb.c.obj
 .text.low_priority_worker_irq
                0x0000000010002894       0x24 CMakeFiles/i2c_7seg.dir/usr/share/pico-sdk/src/rp2_common/pico_stdio_usb/stdio_usb.c.obj
 .text.stdio_usb_init
                0x00000000100028b8       0x90 CMakeFiles/i2c_7seg.dir/usr/share/pico-sdk/src/rp2_common/pico_stdio_usb/stdio_usb.c.obj
                0x00000000100028b8                stdio_usb_init
 .text.tud_descriptor_device_cb
                0x0000000010002948        0x8 CMakeFiles/i2c_7seg.dir/usr/share/pico-sdk/src/rp2_common/pico_stdio_usb/stdio_usb_descriptors.c.obj
                0x0000000010002948                tud_descriptor_device_cb
 .text.tud_descriptor_configuration_cb
                0x0000000010002950        0x8 CMakeFiles/i2c_7seg.dir/usr/share/pico-sdk/src/rp2_common/pico_stdio_usb/stdio_usb_descriptors.c.obj
                0x0000000010002950                tud_descriptor_configuration_cb
 .text.tud_descriptor_string_cb
                0x0000000010002958       0x5c CMakeFiles/i2c_7seg.dir/usr/share/pico-sdk/src/rp2_common/pico_stdio_usb/stdio_usb_descriptors.c.obj
                0x0000000010002958                tud_descriptor_string_cb
 .text.dcd_rp2040_irq
                0x00000000100029b4      0x134 CMakeFiles/i2c_7seg.dir/usr/share/pico-sdk/lib/tinyusb/src/portable/raspberrypi/rp2040/dcd_rp2040.c.obj
 .text.dcd_int_enable
                0x0000000010002ae8        0xc CMakeFiles/i2c_7seg.dir/usr/share/pico-sdk/lib/tinyusb/src/portable/raspberrypi/rp2040/dcd_rp2040.c.obj
                0x0000000010002ae8                dcd_int_enable
 .text.dcd_set_address
                0x0000000010002af4       0x30 CMakeFiles/i2c_7seg.dir/usr/share/pico-sdk/lib/tinyusb/src/portable/raspberrypi/rp2040/dcd_rp2040.c.obj
                0x0000000010002af4                dcd_set_address
 .text.dcd_connect
                0x0000000010002b24       0x10 CMakeFiles/i2c_7seg.dir/usr/share/pico-sdk/lib/tinyusb/src/portable/raspberrypi/rp2040/dcd_rp2040.c.obj
                0x0000000010002b24                dcd_connect
 .text.dcd_init
                0x0000000010002b34       0xa4 CMakeFiles/i2c_7seg.dir/usr/share/pico-sdk/lib/tinyusb/src/portable/raspberrypi/rp2040/dcd_rp2040.c.obj
                0x0000000010002b34                dcd_init
 .text.dcd_edpt0_status_complete
                0x0000000010002bd8       0x38 CMakeFiles/i2c_7seg.dir/usr/share/pico-sdk/lib/tinyusb/src/portable/raspberrypi/rp2040/dcd_rp2040.c.obj
                0x0000000010002bd8                dcd_edpt0_status_complete
 .text.dcd_edpt_open
                0x0000000010002c10      0x14c CMakeFiles/i2c_7seg.dir/usr/share/pico-sdk/lib/tinyusb/src/portable/raspberrypi/rp2040/dcd_rp2040.c.obj
                0x0000000010002c10                dcd_edpt_open
 .text.dcd_edpt_xfer
                0x0000000010002d5c       0x2c CMakeFiles/i2c_7seg.dir/usr/share/pico-sdk/lib/tinyusb/src/portable/raspberrypi/rp2040/dcd_rp2040.c.obj
                0x0000000010002d5c                dcd_edpt_xfer
 .text.dcd_edpt_stall
                0x0000000010002d88       0x50 CMakeFiles/i2c_7seg.dir/usr/share/pico-sdk/lib/tinyusb/src/portable/raspberrypi/rp2040/dcd_rp2040.c.obj
                0x0000000010002d88                dcd_edpt_stall
 .text.dcd_edpt_clear_stall
                0x0000000010002dd8       0x50 CMakeFiles/i2c_7seg.dir/usr/share/pico-sdk/lib/tinyusb/src/portable/raspberrypi/rp2040/dcd_rp2040.c.obj
                0x0000000010002dd8                dcd_edpt_clear_stall
 .text._hw_endpoint_buffer_control_update32.part.0.isra.0
                0x0000000010002e28       0x18 CMakeFiles/i2c_7seg.dir/usr/share/pico-sdk/lib/tinyusb/src/portable/raspberrypi/rp2040/rp2040_usb.c.obj
 .text.rp2040_usb_init
                0x0000000010002e40       0x50 CMakeFiles/i2c_7seg.dir/usr/share/pico-sdk/lib/tinyusb/src/portable/raspberrypi/rp2040/rp2040_usb.c.obj
                0x0000000010002e40                rp2040_usb_init
 .text.hw_endpoint_reset_transfer
                0x0000000010002e90       0x14 CMakeFiles/i2c_7seg.dir/usr/share/pico-sdk/lib/tinyusb/src/portable/raspberrypi/rp2040/rp2040_usb.c.obj
                0x0000000010002e90                hw_endpoint_reset_transfer
 .text._hw_endpoint_buffer_control_update32
                0x0000000010002ea4       0x44 CMakeFiles/i2c_7seg.dir/usr/share/pico-sdk/lib/tinyusb/src/portable/raspberrypi/rp2040/rp2040_usb.c.obj
                0x0000000010002ea4                _hw_endpoint_buffer_control_update32
 .text._hw_endpoint_xfer_continue
                0x0000000010002ee8       0xfc CMakeFiles/i2c_7seg.dir/usr/share/pico-sdk/lib/tinyusb/src/portable/raspberrypi/rp2040/rp2040_usb.c.obj
                0x0000000010002ee8                _hw_endpoint_xfer_continue
 .text._hw_endpoint_xfer
                0x0000000010002fe4       0xb0 CMakeFiles/i2c_7seg.dir/usr/share/pico-sdk/lib/tinyusb/src/portable/raspberrypi/rp2040/rp2040_usb.c.obj
                0x0000000010002fe4                _hw_endpoint_xfer
 .text.tud_mounted
                0x0000000010003094       0x10 CMakeFiles/i2c_7seg.dir/usr/share/pico-sdk/lib/tinyusb/src/device/usbd.c.obj
                0x0000000010003094                tud_mounted
 .text.tud_suspended
                0x00000000100030a4       0x10 CMakeFiles/i2c_7seg.dir/usr/share/pico-sdk/lib/tinyusb/src/device/usbd.c.obj
                0x00000000100030a4                tud_suspended
 .text.tud_init
                0x00000000100030b4       0xb0 CMakeFiles/i2c_7seg.dir/usr/share/pico-sdk/lib/tinyusb/src/device/usbd.c.obj
                0x00000000100030b4                tud_init
 .text.tud_task
                0x0000000010003164      0x7fc CMakeFiles/i2c_7seg.dir/usr/share/pico-sdk/lib/tinyusb/src/device/usbd.c.obj
                0x0000000010003164                tud_task
 .text.dcd_event_bus_signal
                0x0000000010003960       0xe0 CMakeFiles/i2c_7seg.dir/usr/share/pico-sdk/lib/tinyusb/src/device/usbd.c.obj
                0x0000000010003960                dcd_event_bus_signal
 .text.dcd_event_setup_received
                0x0000000010003a40       0x50 CMakeFiles/i2c_7seg.dir/usr/share/pico-sdk/lib/tinyusb/src/device/usbd.c.obj
                0x0000000010003a40                dcd_event_setup_received
 .text.dcd_event_xfer_complete
                0x0000000010003a90       0x68 CMakeFiles/i2c_7seg.dir/usr/share/pico-sdk/lib/tinyusb/src/device/usbd.c.obj
                0x0000000010003a90                dcd_event_xfer_complete
 .text.usbd_open_edpt_pair
                0x0000000010003af8       0x68 CMakeFiles/i2c_7seg.dir/usr/share/pico-sdk/lib/tinyusb/src/device/usbd.c.obj
                0x0000000010003af8                usbd_open_edpt_pair
 .text.usbd_edpt_open
                0x0000000010003b60        0x8 CMakeFiles/i2c_7seg.dir/usr/share/pico-sdk/lib/tinyusb/src/device/usbd.c.obj
                0x0000000010003b60                usbd_edpt_open
 .text.usbd_edpt_claim
                0x0000000010003b68       0x64 CMakeFiles/i2c_7seg.dir/usr/share/pico-sdk/lib/tinyusb/src/device/usbd.c.obj
                0x0000000010003b68                usbd_edpt_claim
 .text.usbd_edpt_release
                0x0000000010003bcc       0x4c CMakeFiles/i2c_7seg.dir/usr/share/pico-sdk/lib/tinyusb/src/device/usbd.c.obj
                0x0000000010003bcc                usbd_edpt_release
 .text.usbd_edpt_xfer
                0x0000000010003c18       0x48 CMakeFiles/i2c_7seg.dir/usr/share/pico-sdk/lib/tinyusb/src/device/usbd.c.obj
                0x0000000010003c18                usbd_edpt_xfer
 .text.tud_control_status
                0x0000000010003c60       0x30 CMakeFiles/i2c_7seg.dir/usr/share/pico-sdk/lib/tinyusb/src/device/usbd_control.c.obj
                0x0000000010003c60                tud_control_status
 .text.tud_control_xfer
                0x0000000010003c90       0xbc CMakeFiles/i2c_7seg.dir/usr/share/pico-sdk/lib/tinyusb/src/device/usbd_control.c.obj
                0x0000000010003c90                tud_control_xfer
 .text.usbd_control_reset
                0x0000000010003d4c       0x14 CMakeFiles/i2c_7seg.dir/usr/share/pico-sdk/lib/tinyusb/src/device/usbd_control.c.obj
                0x0000000010003d4c                usbd_control_reset
 .text.usbd_control_set_complete_callback
                0x0000000010003d60        0xc CMakeFiles/i2c_7seg.dir/usr/share/pico-sdk/lib/tinyusb/src/device/usbd_control.c.obj
                0x0000000010003d60                usbd_control_set_complete_callback
 .text.usbd_control_set_request
                0x0000000010003d6c       0x1c CMakeFiles/i2c_7seg.dir/usr/share/pico-sdk/lib/tinyusb/src/device/usbd_control.c.obj
                0x0000000010003d6c                usbd_control_set_request
 .text.usbd_control_xfer_cb
                0x0000000010003d88       0xec CMakeFiles/i2c_7seg.dir/usr/share/pico-sdk/lib/tinyusb/src/device/usbd_control.c.obj
                0x0000000010003d88                usbd_control_xfer_cb
 .text.tud_cdc_n_connected
                0x0000000010003e74       0x34 CMakeFiles/i2c_7seg.dir/usr/share/pico-sdk/lib/tinyusb/src/class/cdc/cdc_device.c.obj
                0x0000000010003e74                tud_cdc_n_connected
 .text.tud_cdc_n_available
                0x0000000010003ea8       0x1c CMakeFiles/i2c_7seg.dir/usr/share/pico-sdk/lib/tinyusb/src/class/cdc/cdc_device.c.obj
                0x0000000010003ea8                tud_cdc_n_available
 .text.tud_cdc_n_read
                0x0000000010003ec4       0x74 CMakeFiles/i2c_7seg.dir/usr/share/pico-sdk/lib/tinyusb/src/class/cdc/cdc_device.c.obj
                0x0000000010003ec4                tud_cdc_n_read
 .text.tud_cdc_n_write_flush
                0x0000000010003f38       0x80 CMakeFiles/i2c_7seg.dir/usr/share/pico-sdk/lib/tinyusb/src/class/cdc/cdc_device.c.obj
                0x0000000010003f38                tud_cdc_n_write_flush
 .text.tud_cdc_n_write
                0x0000000010003fb8       0x38 CMakeFiles/i2c_7seg.dir/usr/share/pico-sdk/lib/tinyusb/src/class/cdc/cdc_device.c.obj
                0x0000000010003fb8                tud_cdc_n_write
 .text.tud_cdc_n_write_available
                0x0000000010003ff0       0x1c CMakeFiles/i2c_7seg.dir/usr/share/pico-sdk/lib/tinyusb/src/class/cdc/cdc_device.c.obj
                0x0000000010003ff0                tud_cdc_n_write_available
 .text.cdcd_init
                0x000000001000400c       0x78 CMakeFiles/i2c_7seg.dir/usr/share/pico-sdk/lib/tinyusb/src/class/cdc/cdc_device.c.obj
                0x000000001000400c                cdcd_init
 .text.cdcd_reset
                0x0000000010004084       0x24 CMakeFiles/i2c_7seg.dir/usr/share/pico-sdk/lib/tinyusb/src/class/cdc/cdc_device.c.obj
                0x0000000010004084                cdcd_reset
 .text.cdcd_open
                0x00000000100040a8       0xec CMakeFiles/i2c_7seg.dir/usr/share/pico-sdk/lib/tinyusb/src/class/cdc/cdc_device.c.obj
                0x00000000100040a8                cdcd_open
 .text.cdcd_control_complete
                0x0000000010004194       0x44 CMakeFiles/i2c_7seg.dir/usr/share/pico-sdk/lib/tinyusb/src/class/cdc/cdc_device.c.obj
                0x0000000010004194                cdcd_control_complete
 .text.cdcd_control_request
                0x00000000100041d8       0x68 CMakeFiles/i2c_7seg.dir/usr/share/pico-sdk/lib/tinyusb/src/class/cdc/cdc_device.c.obj
                0x00000000100041d8                cdcd_control_request
 .text.cdcd_xfer_cb
                0x0000000010004240      0x154 CMakeFiles/i2c_7seg.dir/usr/share/pico-sdk/lib/tinyusb/src/class/cdc/cdc_device.c.obj
                0x0000000010004240                cdcd_xfer_cb
 .text.tusb_init
                0x0000000010004394       0x20 CMakeFiles/i2c_7seg.dir/usr/share/pico-sdk/lib/tinyusb/src/tusb.c.obj
                0x0000000010004394                tusb_init
 .text.tusb_inited
                0x00000000100043b4        0xc CMakeFiles/i2c_7seg.dir/usr/share/pico-sdk/lib/tinyusb/src/tusb.c.obj
                0x00000000100043b4                tusb_inited
 .text.tu_fifo_config
                0x00000000100043c0       0x78 CMakeFiles/i2c_7seg.dir/usr/share/pico-sdk/lib/tinyusb/src/common/tusb_fifo.c.obj
                0x00000000100043c0                tu_fifo_config
 .text.tu_fifo_count
                0x0000000010004438       0x18 CMakeFiles/i2c_7seg.dir/usr/share/pico-sdk/lib/tinyusb/src/common/tusb_fifo.c.obj
                0x0000000010004438                tu_fifo_count
 .text.tu_fifo_remaining
                0x0000000010004450       0x1c CMakeFiles/i2c_7seg.dir/usr/share/pico-sdk/lib/tinyusb/src/common/tusb_fifo.c.obj
                0x0000000010004450                tu_fifo_remaining
 .text.tu_fifo_read
                0x000000001000446c       0xa8 CMakeFiles/i2c_7seg.dir/usr/share/pico-sdk/lib/tinyusb/src/common/tusb_fifo.c.obj
                0x000000001000446c                tu_fifo_read
 .text.tu_fifo_read_n
                0x0000000010004514       0xf0 CMakeFiles/i2c_7seg.dir/usr/share/pico-sdk/lib/tinyusb/src/common/tusb_fifo.c.obj
                0x0000000010004514                tu_fifo_read_n
 .text.tu_fifo_write
                0x0000000010004604       0x84 CMakeFiles/i2c_7seg.dir/usr/share/pico-sdk/lib/tinyusb/src/common/tusb_fifo.c.obj
                0x0000000010004604                tu_fifo_write
 .text.tu_fifo_write_n
                0x0000000010004688      0x100 CMakeFiles/i2c_7seg.dir/usr/share/pico-sdk/lib/tinyusb/src/common/tusb_fifo.c.obj
                0x0000000010004688                tu_fifo_write_n
 .text.tu_fifo_clear
                0x0000000010004788       0x2c CMakeFiles/i2c_7seg.dir/usr/share/pico-sdk/lib/tinyusb/src/common/tusb_fifo.c.obj
                0x0000000010004788                tu_fifo_clear
 .text.atexit   0x00000000100047b4       0x10 /usr/lib/gcc/arm-none-eabi/10.2.0/../../../../arm-none-eabi/lib/thumb/v6-m/nofp/libc.a(lib_a-atexit.o)
                0x00000000100047b4                atexit
 .text.__libc_fini_array
                0x00000000100047c4       0x28 /usr/lib/gcc/arm-none-eabi/10.2.0/../../../../arm-none-eabi/lib/thumb/v6-m/nofp/libc.a(lib_a-fini.o)
                0x00000000100047c4                __libc_fini_array
 .text.strlen   0x00000000100047ec       0x5c /usr/lib/gcc/arm-none-eabi/10.2.0/../../../../arm-none-eabi/lib/thumb/v6-m/nofp/libc.a(lib_a-strlen-stub.o)
                0x00000000100047ec                strlen
 .text.__register_exitproc
                0x0000000010004848       0xb0 /usr/lib/gcc/arm-none-eabi/10.2.0/../../../../arm-none-eabi/lib/thumb/v6-m/nofp/libc.a(lib_a-__atexit.o)
                0x0000000010004848                __register_exitproc
 .text.startup.register_fini
                0x00000000100048f8       0x18 /usr/lib/gcc/arm-none-eabi/10.2.0/../../../../arm-none-eabi/lib/thumb/v6-m/nofp/libc.a(lib_a-__call_atexit.o)
 .text.__retarget_lock_acquire_recursive
                0x0000000010004910        0x4 /usr/lib/gcc/arm-none-eabi/10.2.0/../../../../arm-none-eabi/lib/thumb/v6-m/nofp/libc.a(lib_a-lock.o)
                0x0000000010004910                __retarget_lock_acquire_recursive
 .text.__retarget_lock_release_recursive
                0x0000000010004914        0x4 /usr/lib/gcc/arm-none-eabi/10.2.0/../../../../arm-none-eabi/lib/thumb/v6-m/nofp/libc.a(lib_a-lock.o)
                0x0000000010004914                __retarget_lock_release_recursive
 *(.fini)
 .fini          0x0000000010004918        0x4 /usr/lib/gcc/arm-none-eabi/10.2.0/thumb/v6-m/nofp/crti.o
                0x0000000010004918                _fini
 *fill*         0x000000001000491c        0x4 
 .fini.__stub   0x0000000010004920       0x50 linker stubs
 *crtbegin.o(.ctors)
 *crtbegin?.o(.ctors)
 *(EXCLUDE_FILE(*crtend.o *crtend?.o) .ctors)
 *(SORT_BY_NAME(.ctors.*))
 *(.ctors)
 *crtbegin.o(.dtors)
 *crtbegin?.o(.dtors)
 *(EXCLUDE_FILE(*crtend.o *crtend?.o) .dtors)
 *(SORT_BY_NAME(.dtors.*))
 *(.dtors)
 *(.eh_frame*)
 .eh_frame      0x0000000010004970        0x0 /usr/lib/gcc/arm-none-eabi/10.2.0/thumb/v6-m/nofp/crtbegin.o
                0x0000000010004970                . = ALIGN (0x4)

.glue_7         0x0000000010004970        0x0
 .glue_7        0x0000000010004970        0x0 linker stubs

.glue_7t        0x0000000010004970        0x0
 .glue_7t       0x0000000010004970        0x0 linker stubs

.vfp11_veneer   0x0000000010004970        0x0
 .vfp11_veneer  0x0000000010004970        0x0 linker stubs

.v4_bx          0x0000000010004970        0x0
 .v4_bx         0x0000000010004970        0x0 linker stubs

.iplt           0x0000000010004970        0x0
 .iplt          0x0000000010004970        0x0 /usr/lib/gcc/arm-none-eabi/10.2.0/thumb/v6-m/nofp/crtbegin.o

.rodata         0x0000000010004970      0x344
 *(EXCLUDE_FILE(*libm.a: *libc.a:*lib_a-mem*.o *libgcc.a:) .rodata*)
 .rodata._ZL9TM_DIGITS
                0x0000000010004970       0x24 CMakeFiles/i2c_7seg.dir/lib/tm1637.cpp.obj
 .rodata.spin_lock_claim_unused.str1.4
                0x0000000010004994       0x1b CMakeFiles/i2c_7seg.dir/usr/share/pico-sdk/src/rp2_common/hardware_sync/sync.c.obj
 *fill*         0x00000000100049af        0x1 
 .rodata.hardware_alarm_claim.str1.4
                0x00000000100049b0       0x22 CMakeFiles/i2c_7seg.dir/usr/share/pico-sdk/src/rp2_common/hardware_timer/timer.c.obj
 *fill*         0x00000000100049d2        0x2 
 .rodata.panic.str1.4
                0x00000000100049d4       0x12 CMakeFiles/i2c_7seg.dir/usr/share/pico-sdk/src/rp2_common/pico_runtime/runtime.c.obj
 *fill*         0x00000000100049e6        0x2 
 .rodata.hard_assertion_failure.str1.4
                0x00000000100049e8        0xc CMakeFiles/i2c_7seg.dir/usr/share/pico-sdk/src/rp2_common/pico_runtime/runtime.c.obj
 .rodata.str1.4
                0x00000000100049f4       0x40 CMakeFiles/i2c_7seg.dir/usr/share/pico-sdk/src/rp2_common/pico_standard_link/binary_info.c.obj
 .rodata.__bi_40
                0x0000000010004a34        0xc CMakeFiles/i2c_7seg.dir/usr/share/pico-sdk/src/rp2_common/pico_standard_link/binary_info.c.obj
 .rodata.__bi_71
                0x0000000010004a40        0xc CMakeFiles/i2c_7seg.dir/usr/share/pico-sdk/src/rp2_common/pico_standard_link/binary_info.c.obj
 .rodata.__bi_77
                0x0000000010004a4c        0xc CMakeFiles/i2c_7seg.dir/usr/share/pico-sdk/src/rp2_common/pico_standard_link/binary_info.c.obj
 .rodata.crlf_str.0
                0x0000000010004a58        0x2 CMakeFiles/i2c_7seg.dir/usr/share/pico-sdk/src/rp2_common/pico_stdio/stdio.c.obj
 *fill*         0x0000000010004a5a        0x2 
 .rodata._resetd_driver
                0x0000000010004a5c       0x1c CMakeFiles/i2c_7seg.dir/usr/share/pico-sdk/src/rp2_common/pico_stdio_usb/reset_interface.c.obj
 .rodata.str1.4
                0x0000000010004a78       0x13 CMakeFiles/i2c_7seg.dir/usr/share/pico-sdk/src/rp2_common/pico_stdio_usb/stdio_usb.c.obj
 *fill*         0x0000000010004a8b        0x1 
 .rodata.__bi_92.0
                0x0000000010004a8c        0xc CMakeFiles/i2c_7seg.dir/usr/share/pico-sdk/src/rp2_common/pico_stdio_usb/stdio_usb.c.obj
 .rodata.str1.4
                0x0000000010004a98       0x3a CMakeFiles/i2c_7seg.dir/usr/share/pico-sdk/src/rp2_common/pico_stdio_usb/stdio_usb_descriptors.c.obj
 *fill*         0x0000000010004ad2        0x2 
 .rodata.usbd_desc_cfg
                0x0000000010004ad4       0x54 CMakeFiles/i2c_7seg.dir/usr/share/pico-sdk/src/rp2_common/pico_stdio_usb/stdio_usb_descriptors.c.obj
 .rodata.usbd_desc_device
                0x0000000010004b28       0x12 CMakeFiles/i2c_7seg.dir/usr/share/pico-sdk/src/rp2_common/pico_stdio_usb/stdio_usb_descriptors.c.obj
 *fill*         0x0000000010004b3a        0x2 
 .rodata.usbd_desc_str
                0x0000000010004b3c       0x18 CMakeFiles/i2c_7seg.dir/usr/share/pico-sdk/src/rp2_common/pico_stdio_usb/stdio_usb_descriptors.c.obj
 .rodata.dcd_rp2040_irq.str1.4
                0x0000000010004b54       0x14 CMakeFiles/i2c_7seg.dir/usr/share/pico-sdk/lib/tinyusb/src/portable/raspberrypi/rp2040/dcd_rp2040.c.obj
 .rodata.dcd_edpt_open.str1.4
                0x0000000010004b68       0x28 CMakeFiles/i2c_7seg.dir/usr/share/pico-sdk/lib/tinyusb/src/portable/raspberrypi/rp2040/dcd_rp2040.c.obj
 .rodata._hw_endpoint_buffer_control_update32.part.0.isra.0.str1.4
                0x0000000010004b90       0x1f CMakeFiles/i2c_7seg.dir/usr/share/pico-sdk/lib/tinyusb/src/portable/raspberrypi/rp2040/rp2040_usb.c.obj
 *fill*         0x0000000010004baf        0x1 
 .rodata._hw_endpoint_xfer_continue.str1.4
                0x0000000010004bb0       0x50 CMakeFiles/i2c_7seg.dir/usr/share/pico-sdk/lib/tinyusb/src/portable/raspberrypi/rp2040/rp2040_usb.c.obj
 .rodata.str1.4
                0x0000000010004c00        0x7 CMakeFiles/i2c_7seg.dir/usr/share/pico-sdk/lib/tinyusb/src/portable/raspberrypi/rp2040/rp2040_usb.c.obj
 *fill*         0x0000000010004c07        0x1 
 .rodata.tud_task
                0x0000000010004c08       0x8c CMakeFiles/i2c_7seg.dir/usr/share/pico-sdk/lib/tinyusb/src/device/usbd.c.obj
 .rodata._usbd_driver
                0x0000000010004c94       0x1c CMakeFiles/i2c_7seg.dir/usr/share/pico-sdk/lib/tinyusb/src/device/usbd.c.obj
 .rodata._global_impure_ptr
                0x0000000010004cb0        0x4 /usr/lib/gcc/arm-none-eabi/10.2.0/../../../../arm-none-eabi/lib/thumb/v6-m/nofp/libc.a(lib_a-impure.o)
                0x0000000010004cb0                _global_impure_ptr
                0x0000000010004cb4                . = ALIGN (0x4)
 *(SORT_BY_ALIGNMENT(SORT_BY_NAME(.flashdata*)))
                0x0000000010004cb4                . = ALIGN (0x4)

.rel.dyn        0x0000000010004cb4        0x0
 .rel.iplt      0x0000000010004cb4        0x0 /usr/lib/gcc/arm-none-eabi/10.2.0/thumb/v6-m/nofp/crtbegin.o

.ARM.extab
 *(.ARM.extab* .gnu.linkonce.armextab.*)
                0x0000000010004cb4                __exidx_start = .

.ARM.exidx
 *(.ARM.exidx* .gnu.linkonce.armexidx.*)
                0x0000000010004cb4                __exidx_end = .
                0x0000000010004cb4                . = ALIGN (0x4)
                0x0000000010004cb4                __binary_info_start = .

.binary_info    0x0000000010004cb4       0x20
 *(.binary_info.keep.*)
 .binary_info.keep.__bi_ptr18
                0x0000000010004cb4        0x4 CMakeFiles/i2c_7seg.dir/usr/share/pico-sdk/src/rp2_common/pico_standard_link/binary_info.c.obj
 .binary_info.keep.__bi_ptr26
                0x0000000010004cb8        0x4 CMakeFiles/i2c_7seg.dir/usr/share/pico-sdk/src/rp2_common/pico_standard_link/binary_info.c.obj
 .binary_info.keep.__bi_ptr34
                0x0000000010004cbc        0x4 CMakeFiles/i2c_7seg.dir/usr/share/pico-sdk/src/rp2_common/pico_standard_link/binary_info.c.obj
 .binary_info.keep.__bi_ptr40
                0x0000000010004cc0        0x4 CMakeFiles/i2c_7seg.dir/usr/share/pico-sdk/src/rp2_common/pico_standard_link/binary_info.c.obj
 .binary_info.keep.__bi_ptr46
                0x0000000010004cc4        0x4 CMakeFiles/i2c_7seg.dir/usr/share/pico-sdk/src/rp2_common/pico_standard_link/binary_info.c.obj
 .binary_info.keep.__bi_ptr71
                0x0000000010004cc8        0x4 CMakeFiles/i2c_7seg.dir/usr/share/pico-sdk/src/rp2_common/pico_standard_link/binary_info.c.obj
 .binary_info.keep.__bi_ptr77
                0x0000000010004ccc        0x4 CMakeFiles/i2c_7seg.dir/usr/share/pico-sdk/src/rp2_common/pico_standard_link/binary_info.c.obj
 *(.binary_info.*)
 .binary_info.__bi_ptr92
                0x0000000010004cd0        0x4 CMakeFiles/i2c_7seg.dir/usr/share/pico-sdk/src/rp2_common/pico_stdio_usb/stdio_usb.c.obj
                0x0000000010004cd4                __binary_info_end = .
                0x0000000010004cd4                . = ALIGN (0x4)
                0x0000000010004cd4                __etext = .

.ram_vector_table
                0x0000000020000000       0xc0
 *(.ram_vector_table)
 .ram_vector_table
                0x0000000020000000       0xc0 CMakeFiles/i2c_7seg.dir/usr/share/pico-sdk/src/rp2_common/pico_runtime/runtime.c.obj
                0x0000000020000000                ram_vector_table

.data           0x00000000200000c0      0x6ac load address 0x0000000010004cd4
                0x00000000200000c0                __data_start__ = .
 *(vtable)
 *(.time_critical*)
 .time_critical.mutex_enter_blocking
                0x00000000200000c0       0x4c CMakeFiles/i2c_7seg.dir/usr/share/pico-sdk/src/common/pico_sync/mutex.c.obj
                0x00000000200000c0                mutex_enter_blocking
 .time_critical.mutex_try_enter
                0x000000002000010c       0x44 CMakeFiles/i2c_7seg.dir/usr/share/pico-sdk/src/common/pico_sync/mutex.c.obj
                0x000000002000010c                mutex_try_enter
 .time_critical.mutex_enter_timeout_ms
                0x0000000020000150       0x98 CMakeFiles/i2c_7seg.dir/usr/share/pico-sdk/src/common/pico_sync/mutex.c.obj
                0x0000000020000150                mutex_enter_timeout_ms
 .time_critical.mutex_exit
                0x00000000200001e8       0x28 CMakeFiles/i2c_7seg.dir/usr/share/pico-sdk/src/common/pico_sync/mutex.c.obj
                0x00000000200001e8                mutex_exit
 *(.text*)
 .text          0x0000000020000210        0x4 /usr/lib/gcc/arm-none-eabi/10.2.0/thumb/v6-m/nofp/libgcc.a(_dvmd_tls.o)
                0x0000000020000210                __aeabi_ldiv0
                0x0000000020000210                __aeabi_idiv0
 *fill*         0x0000000020000214        0x4 
 .text.__stub   0x0000000020000218       0x30 linker stubs
                0x0000000020000248                . = ALIGN (0x4)
 *(.rodata*)
                0x0000000020000248                . = ALIGN (0x4)
 *(.data*)
 .data.striped_spin_lock_num
                0x0000000020000248        0x1 CMakeFiles/i2c_7seg.dir/usr/share/pico-sdk/src/rp2_common/hardware_sync/sync.c.obj
 *fill*         0x0000000020000249        0x3 
 .data.default_alarm_pool
                0x000000002000024c       0x18 CMakeFiles/i2c_7seg.dir/usr/share/pico-sdk/src/common/pico_time/time.c.obj
 .data.default_alarm_pool_heap
                0x0000000020000264       0x10 CMakeFiles/i2c_7seg.dir/usr/share/pico-sdk/src/common/pico_time/time.c.obj
 .data          0x0000000020000274       0x48 CMakeFiles/i2c_7seg.dir/usr/share/pico-sdk/src/rp2_common/hardware_irq/irq_handler_chain.S.obj
                0x0000000020000274                irq_handler_chain_slots
                0x00000000200002a4                irq_handler_chain_first_slot
                0x00000000200002ae                irq_handler_chain_remove_tail
 *fill*         0x00000000200002bc        0x4 
 .data.aeabi_bits_funcs
                0x00000000200002c0       0x10 CMakeFiles/i2c_7seg.dir/usr/share/pico-sdk/src/rp2_common/pico_bit_ops/bit_ops_aeabi.S.obj
                0x00000000200002c0                aeabi_bits_funcs
                0x00000000200002d0                aeabi_bits_funcs_end
 .data.aeabi_mem_funcs
                0x00000000200002d0       0x10 CMakeFiles/i2c_7seg.dir/usr/share/pico-sdk/src/rp2_common/pico_mem_ops/mem_ops_aeabi.S.obj
                0x00000000200002d0                aeabi_mem_funcs
                0x00000000200002e0                aeabi_mem_funcs_end
 .data.stdio_usb
                0x00000000200002e0       0x14 CMakeFiles/i2c_7seg.dir/usr/share/pico-sdk/src/rp2_common/pico_stdio_usb/stdio_usb.c.obj
                0x00000000200002e0                stdio_usb
 .data.ep_dir_string
                0x00000000200002f4        0x8 CMakeFiles/i2c_7seg.dir/usr/share/pico-sdk/lib/tinyusb/src/portable/raspberrypi/rp2040/rp2040_usb.c.obj
                0x00000000200002f4                ep_dir_string
 .data._usbd_qdef
                0x00000000200002fc       0x20 CMakeFiles/i2c_7seg.dir/usr/share/pico-sdk/lib/tinyusb/src/device/usbd.c.obj
                0x00000000200002fc                _usbd_qdef
 *fill*         0x000000002000031c        0x4 
 .data.impure_data
                0x0000000020000320      0x428 /usr/lib/gcc/arm-none-eabi/10.2.0/../../../../arm-none-eabi/lib/thumb/v6-m/nofp/libc.a(lib_a-impure.o)
 .data.__atexit_recursive_mutex
                0x0000000020000748        0x4 /usr/lib/gcc/arm-none-eabi/10.2.0/../../../../arm-none-eabi/lib/thumb/v6-m/nofp/libc.a(lib_a-__call_atexit.o)
                0x0000000020000748                __atexit_recursive_mutex
                0x000000002000074c                . = ALIGN (0x4)
 *(.after_data.*)
                0x000000002000074c                . = ALIGN (0x4)
                0x000000002000074c                PROVIDE (__mutex_array_start = .)
 *(SORT_BY_NAME(.mutex_array.*))
 *(.mutex_array)
 .mutex_array   0x000000002000074c        0x8 CMakeFiles/i2c_7seg.dir/usr/share/pico-sdk/src/rp2_common/pico_stdio/stdio.c.obj
                0x0000000020000754                PROVIDE (__mutex_array_end = .)
                0x0000000020000754                . = ALIGN (0x4)
                0x0000000020000754                PROVIDE (__preinit_array_start = .)
 *(SORT_BY_NAME(.preinit_array.*))
 .preinit_array.00001
                0x0000000020000754        0x4 CMakeFiles/i2c_7seg.dir/usr/share/pico-sdk/src/rp2_common/pico_mem_ops/mem_ops_aeabi.S.obj
 .preinit_array.00010
                0x0000000020000758        0x4 CMakeFiles/i2c_7seg.dir/usr/share/pico-sdk/src/rp2_common/pico_bit_ops/bit_ops_aeabi.S.obj
 .preinit_array.00020
                0x000000002000075c        0x4 CMakeFiles/i2c_7seg.dir/usr/share/pico-sdk/src/rp2_common/pico_double/double_aeabi.S.obj
 .preinit_array.00020
                0x0000000020000760        0x4 CMakeFiles/i2c_7seg.dir/usr/share/pico-sdk/src/rp2_common/pico_float/float_aeabi.S.obj
 *(.preinit_array)
                0x0000000020000764                PROVIDE (__preinit_array_end = .)
                0x0000000020000764                . = ALIGN (0x4)
                0x0000000020000764                PROVIDE (__init_array_start = .)
 *(SORT_BY_NAME(.init_array.*))
 .init_array.00000
                0x0000000020000764        0x4 /usr/lib/gcc/arm-none-eabi/10.2.0/../../../../arm-none-eabi/lib/thumb/v6-m/nofp/libc.a(lib_a-__call_atexit.o)
 *(.init_array)
 .init_array    0x0000000020000768        0x4 /usr/lib/gcc/arm-none-eabi/10.2.0/thumb/v6-m/nofp/crtbegin.o
                0x000000002000076c                PROVIDE (__init_array_end = .)
                0x000000002000076c                . = ALIGN (0x4)
                0x000000002000076c                PROVIDE (__fini_array_start = .)
 *(SORT_BY_NAME(.fini_array.*))
 *(.fini_array)
                0x000000002000076c                PROVIDE (__fini_array_end = .)
 *(.jcr)
                0x000000002000076c                . = ALIGN (0x4)
                0x000000002000076c                __data_end__ = .

.igot.plt       0x000000002000076c        0x0 load address 0x0000000010005380
 .igot.plt      0x000000002000076c        0x0 /usr/lib/gcc/arm-none-eabi/10.2.0/thumb/v6-m/nofp/crtbegin.o

.uninitialized_data
                0x000000002000076c        0x0 load address 0x0000000010005380
                0x000000002000076c                . = ALIGN (0x4)
 *(.uninitialized_data*)

.scratch_x      0x0000000020040000        0x0 load address 0x0000000010005380
                0x0000000020040000                __scratch_x_start__ = .
 *(.scratch_x.*)
                0x0000000020040000                . = ALIGN (0x4)
                0x0000000020040000                __scratch_x_end__ = .
                0x0000000010005380                __scratch_x_source__ = LOADADDR (.scratch_x)

.scratch_y      0x0000000020041000        0x0 load address 0x0000000010005380
                0x0000000020041000                __scratch_y_start__ = .
 *(.scratch_y.*)
                0x0000000020041000                . = ALIGN (0x4)
                0x0000000020041000                __scratch_y_end__ = .
                0x0000000010005380                __scratch_y_source__ = LOADADDR (.scratch_y)

.bss            0x0000000020000770      0xec0
                0x0000000020000770                . = ALIGN (0x4)
                0x0000000020000770                __bss_start__ = .
 *(SORT_BY_ALIGNMENT(SORT_BY_NAME(.bss*)))
 .bss.default_alarm_pool_entries
                0x0000000020000770      0x100 CMakeFiles/i2c_7seg.dir/usr/share/pico-sdk/src/common/pico_time/time.c.obj
 .bss.last_avail_time.1
                0x0000000020000870        0x8 CMakeFiles/i2c_7seg.dir/usr/share/pico-sdk/src/rp2_common/pico_stdio_usb/stdio_usb.c.obj
 .bss.sd_table  0x0000000020000878      0x100 CMakeFiles/i2c_7seg.dir/usr/share/pico-sdk/src/rp2_common/pico_double/double_init_rom.c.obj
                0x0000000020000878                sd_table
 .bss.sf_table  0x0000000020000978      0x100 CMakeFiles/i2c_7seg.dir/usr/share/pico-sdk/src/rp2_common/pico_float/float_init_rom.c.obj
                0x0000000020000978                sf_table
 .bss.__lock___atexit_recursive_mutex
                0x0000000020000a78        0x1 /usr/lib/gcc/arm-none-eabi/10.2.0/../../../../arm-none-eabi/lib/thumb/v6-m/nofp/libc.a(lib_a-lock.o)
                0x0000000020000a78                __lock___atexit_recursive_mutex
 *fill*         0x0000000020000a79        0x3 
 .bss._app_driver
                0x0000000020000a7c        0x4 CMakeFiles/i2c_7seg.dir/usr/share/pico-sdk/lib/tinyusb/src/device/usbd.c.obj
 .bss._cdcd_itf
                0x0000000020000a80      0x2d0 CMakeFiles/i2c_7seg.dir/usr/share/pico-sdk/lib/tinyusb/src/class/cdc/cdc_device.c.obj
 .bss._ctrl_xfer
                0x0000000020000d50       0x14 CMakeFiles/i2c_7seg.dir/usr/share/pico-sdk/lib/tinyusb/src/device/usbd_control.c.obj
 .bss._ubsd_mutexdef
                0x0000000020000d64        0x8 CMakeFiles/i2c_7seg.dir/usr/share/pico-sdk/lib/tinyusb/src/device/usbd.c.obj
 .bss._usbd_ctrl_buf
                0x0000000020000d6c       0x40 CMakeFiles/i2c_7seg.dir/usr/share/pico-sdk/lib/tinyusb/src/device/usbd_control.c.obj
 .bss._usbd_dev
                0x0000000020000dac       0x37 CMakeFiles/i2c_7seg.dir/usr/share/pico-sdk/lib/tinyusb/src/device/usbd.c.obj
 *fill*         0x0000000020000de3        0x1 
 .bss._usbd_mutex
                0x0000000020000de4        0x4 CMakeFiles/i2c_7seg.dir/usr/share/pico-sdk/lib/tinyusb/src/device/usbd.c.obj
 .bss._usbd_q   0x0000000020000de8        0x4 CMakeFiles/i2c_7seg.dir/usr/share/pico-sdk/lib/tinyusb/src/device/usbd.c.obj
 .bss._usbd_qdef_buf
                0x0000000020000dec       0xc0 CMakeFiles/i2c_7seg.dir/usr/share/pico-sdk/lib/tinyusb/src/device/usbd.c.obj
                0x0000000020000dec                _usbd_qdef_buf
 .bss.alarm_callbacks
                0x0000000020000eac       0x10 CMakeFiles/i2c_7seg.dir/usr/share/pico-sdk/src/rp2_common/hardware_timer/timer.c.obj
 .bss.claimed   0x0000000020000ebc        0x4 CMakeFiles/i2c_7seg.dir/usr/share/pico-sdk/src/rp2_common/hardware_sync/sync.c.obj
 .bss.configured_freq
                0x0000000020000ec0       0x28 CMakeFiles/i2c_7seg.dir/usr/share/pico-sdk/src/rp2_common/hardware_clocks/clocks.c.obj
 .bss.default_alarm_pool_entry_ids_high
                0x0000000020000ee8       0x10 CMakeFiles/i2c_7seg.dir/usr/share/pico-sdk/src/common/pico_time/time.c.obj
 .bss.default_alarm_pool_heap_nodes
                0x0000000020000ef8       0x30 CMakeFiles/i2c_7seg.dir/usr/share/pico-sdk/src/common/pico_time/time.c.obj
 .bss.desc_str.0
                0x0000000020000f28       0x28 CMakeFiles/i2c_7seg.dir/usr/share/pico-sdk/src/rp2_common/pico_stdio_usb/stdio_usb_descriptors.c.obj
 .bss.drivers   0x0000000020000f50        0x4 CMakeFiles/i2c_7seg.dir/usr/share/pico-sdk/src/rp2_common/pico_stdio/stdio.c.obj
 .bss.filter    0x0000000020000f54        0x4 CMakeFiles/i2c_7seg.dir/usr/share/pico-sdk/src/rp2_common/pico_stdio/stdio.c.obj
 .bss.hw_endpoints
                0x0000000020000f58      0x680 CMakeFiles/i2c_7seg.dir/usr/share/pico-sdk/lib/tinyusb/src/portable/raspberrypi/rp2040/dcd_rp2040.c.obj
 .bss.lazy_vsnprintf
                0x00000000200015d8        0x4 CMakeFiles/i2c_7seg.dir/usr/share/pico-sdk/src/rp2_common/pico_printf/printf.c.obj
 .bss.load_value
                0x00000000200015dc        0x4 CMakeFiles/i2c_7seg.dir/usr/share/pico-sdk/src/rp2_common/hardware_watchdog/watchdog.c.obj
 .bss.next_buffer_ptr
                0x00000000200015e0        0x4 CMakeFiles/i2c_7seg.dir/usr/share/pico-sdk/lib/tinyusb/src/portable/raspberrypi/rp2040/dcd_rp2040.c.obj
 .bss.object.0  0x00000000200015e4       0x18 /usr/lib/gcc/arm-none-eabi/10.2.0/thumb/v6-m/nofp/crtbegin.o
 .bss.pools     0x00000000200015fc       0x10 CMakeFiles/i2c_7seg.dir/usr/share/pico-sdk/src/common/pico_time/time.c.obj
 .bss.sf_clz_func
                0x000000002000160c        0x4 CMakeFiles/i2c_7seg.dir/usr/share/pico-sdk/src/rp2_common/pico_float/float_init_rom.c.obj
                0x000000002000160c                sf_clz_func
 .bss.stdio_usb_mutex
                0x0000000020001610        0x8 CMakeFiles/i2c_7seg.dir/usr/share/pico-sdk/src/rp2_common/pico_stdio_usb/stdio_usb.c.obj
 .bss.target_hi
                0x0000000020001618       0x10 CMakeFiles/i2c_7seg.dir/usr/share/pico-sdk/src/rp2_common/hardware_timer/timer.c.obj
 .bss._app_driver_count
                0x0000000020001628        0x1 CMakeFiles/i2c_7seg.dir/usr/share/pico-sdk/lib/tinyusb/src/device/usbd.c.obj
 .bss._initialized
                0x0000000020001629        0x1 CMakeFiles/i2c_7seg.dir/usr/share/pico-sdk/lib/tinyusb/src/tusb.c.obj
 .bss.assigned_address
                0x000000002000162a        0x1 CMakeFiles/i2c_7seg.dir/usr/share/pico-sdk/lib/tinyusb/src/portable/raspberrypi/rp2040/dcd_rp2040.c.obj
 .bss.claimed   0x000000002000162b        0x1 CMakeFiles/i2c_7seg.dir/usr/share/pico-sdk/src/rp2_common/hardware_timer/timer.c.obj
 .bss.irq_hander_chain_free_slot_head
                0x000000002000162c        0x1 CMakeFiles/i2c_7seg.dir/usr/share/pico-sdk/src/rp2_common/hardware_irq/irq.c.obj
 .bss.itf_num   0x000000002000162d        0x1 CMakeFiles/i2c_7seg.dir/usr/share/pico-sdk/src/rp2_common/pico_stdio_usb/reset_interface.c.obj
 .bss.timer_callbacks_pending
                0x000000002000162e        0x1 CMakeFiles/i2c_7seg.dir/usr/share/pico-sdk/src/rp2_common/hardware_timer/timer.c.obj
 *(COMMON)
                0x0000000020001630                . = ALIGN (0x4)
 *fill*         0x000000002000162f        0x1 
                0x0000000020001630                __bss_end__ = .

.heap           0x0000000020001630      0x800
                0x0000000020001630                __end__ = .
                0x0000000020001630                end = __end__
 *(.heap*)
 .heap          0x0000000020001630      0x800 CMakeFiles/i2c_7seg.dir/usr/share/pico-sdk/src/rp2_common/pico_standard_link/crt0.S.obj
                0x0000000020001e30                __HeapLimit = .

.stack1_dummy   0x0000000020040000        0x0
 *(.stack1*)

.stack_dummy    0x0000000020041000      0x800
 *(.stack*)
 .stack         0x0000000020041000      0x800 CMakeFiles/i2c_7seg.dir/usr/share/pico-sdk/src/rp2_common/pico_standard_link/crt0.S.obj

.flash_end      0x0000000010005380        0x0
                0x0000000010005380                __flash_binary_end = .
                0x0000000020040000                __StackLimit = (ORIGIN (RAM) + LENGTH (RAM))
                0x0000000020041000                __StackOneTop = (ORIGIN (SCRATCH_X) + LENGTH (SCRATCH_X))
                0x0000000020042000                __StackTop = (ORIGIN (SCRATCH_Y) + LENGTH (SCRATCH_Y))
                0x0000000020041000                __StackOneBottom = (__StackOneTop - SIZEOF (.stack1_dummy))
                0x0000000020041800                __StackBottom = (__StackTop - SIZEOF (.stack_dummy))
                0x0000000020042000                PROVIDE (__stack = __StackTop)
                0x0000000000000001                ASSERT ((__StackLimit >= __HeapLimit), region RAM overflowed)
                0x0000000000000001                ASSERT (((__binary_info_header_end - __logical_binary_start) <= 0x100), Binary info must be in first 256 bytes of the binary)
LOAD CMakeFiles/i2c_7seg.dir/i2c_7seg.cpp.obj
LOAD CMakeFiles/i2c_7seg.dir/lib/tm1637.cpp.obj
LOAD CMakeFiles/i2c_7seg.dir/usr/share/pico-sdk/src/rp2_common/pico_stdlib/stdlib.c.obj
LOAD CMakeFiles/i2c_7seg.dir/usr/share/pico-sdk/src/rp2_common/hardware_gpio/gpio.c.obj
LOAD CMakeFiles/i2c_7seg.dir/usr/share/pico-sdk/src/rp2_common/hardware_claim/claim.c.obj
LOAD CMakeFiles/i2c_7seg.dir/usr/share/pico-sdk/src/rp2_common/hardware_sync/sync.c.obj
LOAD CMakeFiles/i2c_7seg.dir/usr/share/pico-sdk/src/rp2_common/pico_platform/platform.c.obj
LOAD CMakeFiles/i2c_7seg.dir/usr/share/pico-sdk/src/rp2_common/hardware_uart/uart.c.obj
LOAD CMakeFiles/i2c_7seg.dir/usr/share/pico-sdk/src/rp2_common/hardware_divider/divider.S.obj
LOAD CMakeFiles/i2c_7seg.dir/usr/share/pico-sdk/src/common/pico_time/time.c.obj
LOAD CMakeFiles/i2c_7seg.dir/usr/share/pico-sdk/src/common/pico_time/timeout_helper.c.obj
LOAD CMakeFiles/i2c_7seg.dir/usr/share/pico-sdk/src/rp2_common/hardware_timer/timer.c.obj
LOAD CMakeFiles/i2c_7seg.dir/usr/share/pico-sdk/src/common/pico_sync/sem.c.obj
LOAD CMakeFiles/i2c_7seg.dir/usr/share/pico-sdk/src/common/pico_sync/lock_core.c.obj
LOAD CMakeFiles/i2c_7seg.dir/usr/share/pico-sdk/src/common/pico_sync/mutex.c.obj
LOAD CMakeFiles/i2c_7seg.dir/usr/share/pico-sdk/src/common/pico_sync/critical_section.c.obj
LOAD CMakeFiles/i2c_7seg.dir/usr/share/pico-sdk/src/common/pico_util/datetime.c.obj
LOAD CMakeFiles/i2c_7seg.dir/usr/share/pico-sdk/src/common/pico_util/pheap.c.obj
LOAD CMakeFiles/i2c_7seg.dir/usr/share/pico-sdk/src/common/pico_util/queue.c.obj
LOAD CMakeFiles/i2c_7seg.dir/usr/share/pico-sdk/src/rp2_common/pico_runtime/runtime.c.obj
LOAD CMakeFiles/i2c_7seg.dir/usr/share/pico-sdk/src/rp2_common/hardware_clocks/clocks.c.obj
LOAD CMakeFiles/i2c_7seg.dir/usr/share/pico-sdk/src/rp2_common/hardware_watchdog/watchdog.c.obj
LOAD CMakeFiles/i2c_7seg.dir/usr/share/pico-sdk/src/rp2_common/hardware_xosc/xosc.c.obj
LOAD CMakeFiles/i2c_7seg.dir/usr/share/pico-sdk/src/rp2_common/hardware_pll/pll.c.obj
LOAD CMakeFiles/i2c_7seg.dir/usr/share/pico-sdk/src/rp2_common/hardware_vreg/vreg.c.obj
LOAD CMakeFiles/i2c_7seg.dir/usr/share/pico-sdk/src/rp2_common/hardware_irq/irq.c.obj
LOAD CMakeFiles/i2c_7seg.dir/usr/share/pico-sdk/src/rp2_common/hardware_irq/irq_handler_chain.S.obj
LOAD CMakeFiles/i2c_7seg.dir/usr/share/pico-sdk/src/rp2_common/pico_printf/printf.c.obj
LOAD CMakeFiles/i2c_7seg.dir/usr/share/pico-sdk/src/rp2_common/pico_bit_ops/bit_ops_aeabi.S.obj
LOAD CMakeFiles/i2c_7seg.dir/usr/share/pico-sdk/src/rp2_common/pico_bootrom/bootrom.c.obj
LOAD CMakeFiles/i2c_7seg.dir/usr/share/pico-sdk/src/rp2_common/pico_divider/divider.S.obj
LOAD CMakeFiles/i2c_7seg.dir/usr/share/pico-sdk/src/rp2_common/pico_double/double_aeabi.S.obj
LOAD CMakeFiles/i2c_7seg.dir/usr/share/pico-sdk/src/rp2_common/pico_double/double_init_rom.c.obj
LOAD CMakeFiles/i2c_7seg.dir/usr/share/pico-sdk/src/rp2_common/pico_double/double_math.c.obj
LOAD CMakeFiles/i2c_7seg.dir/usr/share/pico-sdk/src/rp2_common/pico_double/double_v1_rom_shim.S.obj
LOAD CMakeFiles/i2c_7seg.dir/usr/share/pico-sdk/src/rp2_common/pico_int64_ops/pico_int64_ops_aeabi.S.obj
LOAD CMakeFiles/i2c_7seg.dir/usr/share/pico-sdk/src/rp2_common/pico_float/float_aeabi.S.obj
LOAD CMakeFiles/i2c_7seg.dir/usr/share/pico-sdk/src/rp2_common/pico_float/float_init_rom.c.obj
LOAD CMakeFiles/i2c_7seg.dir/usr/share/pico-sdk/src/rp2_common/pico_float/float_math.c.obj
LOAD CMakeFiles/i2c_7seg.dir/usr/share/pico-sdk/src/rp2_common/pico_float/float_v1_rom_shim.S.obj
LOAD CMakeFiles/i2c_7seg.dir/usr/share/pico-sdk/src/rp2_common/pico_malloc/pico_malloc.c.obj
LOAD CMakeFiles/i2c_7seg.dir/usr/share/pico-sdk/src/rp2_common/pico_mem_ops/mem_ops_aeabi.S.obj
LOAD CMakeFiles/i2c_7seg.dir/usr/share/pico-sdk/src/rp2_common/pico_standard_link/crt0.S.obj
LOAD CMakeFiles/i2c_7seg.dir/usr/share/pico-sdk/src/rp2_common/pico_standard_link/new_delete.cpp.obj
LOAD CMakeFiles/i2c_7seg.dir/usr/share/pico-sdk/src/rp2_common/pico_standard_link/binary_info.c.obj
LOAD CMakeFiles/i2c_7seg.dir/usr/share/pico-sdk/src/rp2_common/pico_stdio/stdio.c.obj
LOAD CMakeFiles/i2c_7seg.dir/usr/share/pico-sdk/src/rp2_common/pico_stdio_usb/reset_interface.c.obj
LOAD CMakeFiles/i2c_7seg.dir/usr/share/pico-sdk/src/rp2_common/pico_stdio_usb/stdio_usb.c.obj
LOAD CMakeFiles/i2c_7seg.dir/usr/share/pico-sdk/src/rp2_common/pico_stdio_usb/stdio_usb_descriptors.c.obj
LOAD CMakeFiles/i2c_7seg.dir/usr/share/pico-sdk/lib/tinyusb/src/portable/raspberrypi/rp2040/dcd_rp2040.c.obj
LOAD CMakeFiles/i2c_7seg.dir/usr/share/pico-sdk/lib/tinyusb/src/portable/raspberrypi/rp2040/rp2040_usb.c.obj
LOAD CMakeFiles/i2c_7seg.dir/usr/share/pico-sdk/lib/tinyusb/src/device/usbd.c.obj
LOAD CMakeFiles/i2c_7seg.dir/usr/share/pico-sdk/lib/tinyusb/src/device/usbd_control.c.obj
LOAD CMakeFiles/i2c_7seg.dir/usr/share/pico-sdk/lib/tinyusb/src/class/audio/audio_device.c.obj
LOAD CMakeFiles/i2c_7seg.dir/usr/share/pico-sdk/lib/tinyusb/src/class/cdc/cdc_device.c.obj
LOAD CMakeFiles/i2c_7seg.dir/usr/share/pico-sdk/lib/tinyusb/src/class/dfu/dfu_rt_device.c.obj
LOAD CMakeFiles/i2c_7seg.dir/usr/share/pico-sdk/lib/tinyusb/src/class/hid/hid_device.c.obj
LOAD CMakeFiles/i2c_7seg.dir/usr/share/pico-sdk/lib/tinyusb/src/class/midi/midi_device.c.obj
LOAD CMakeFiles/i2c_7seg.dir/usr/share/pico-sdk/lib/tinyusb/src/class/msc/msc_device.c.obj
LOAD CMakeFiles/i2c_7seg.dir/usr/share/pico-sdk/lib/tinyusb/src/class/net/net_device.c.obj
LOAD CMakeFiles/i2c_7seg.dir/usr/share/pico-sdk/lib/tinyusb/src/class/usbtmc/usbtmc_device.c.obj
LOAD CMakeFiles/i2c_7seg.dir/usr/share/pico-sdk/lib/tinyusb/src/class/vendor/vendor_device.c.obj
LOAD CMakeFiles/i2c_7seg.dir/usr/share/pico-sdk/lib/tinyusb/src/tusb.c.obj
LOAD CMakeFiles/i2c_7seg.dir/usr/share/pico-sdk/lib/tinyusb/src/common/tusb_fifo.c.obj
LOAD CMakeFiles/i2c_7seg.dir/usr/share/pico-sdk/src/rp2_common/pico_fix/rp2040_usb_device_enumeration/rp2040_usb_device_enumeration.c.obj
LOAD /tmp/ccd0pTNV.o
LOAD /usr/lib/gcc/arm-none-eabi/10.2.0/../../../../arm-none-eabi/lib/thumb/v6-m/nofp/libstdc++.a
LOAD /usr/lib/gcc/arm-none-eabi/10.2.0/../../../../arm-none-eabi/lib/thumb/v6-m/nofp/libm.a
START GROUP
LOAD /usr/lib/gcc/arm-none-eabi/10.2.0/thumb/v6-m/nofp/libgcc.a
LOAD /usr/lib/gcc/arm-none-eabi/10.2.0/../../../../arm-none-eabi/lib/thumb/v6-m/nofp/libc.a
END GROUP
START GROUP
LOAD /usr/lib/gcc/arm-none-eabi/10.2.0/thumb/v6-m/nofp/libgcc.a
LOAD /usr/lib/gcc/arm-none-eabi/10.2.0/../../../../arm-none-eabi/lib/thumb/v6-m/nofp/libc.a
LOAD /usr/lib/gcc/arm-none-eabi/10.2.0/../../../../arm-none-eabi/lib/thumb/v6-m/nofp/libnosys.a
END GROUP
LOAD /usr/lib/gcc/arm-none-eabi/10.2.0/thumb/v6-m/nofp/crtend.o
LOAD /usr/lib/gcc/arm-none-eabi/10.2.0/thumb/v6-m/nofp/crtn.o
OUTPUT(i2c_7seg.elf elf32-littlearm)
LOAD linker stubs

.ARM.attributes
                0x0000000000000000       0x28
 .ARM.attributes
                0x0000000000000000       0x1e /usr/lib/gcc/arm-none-eabi/10.2.0/thumb/v6-m/nofp/crti.o
 .ARM.attributes
                0x000000000000001e       0x2c /usr/lib/gcc/arm-none-eabi/10.2.0/thumb/v6-m/nofp/crtbegin.o
 .ARM.attributes
                0x000000000000004a       0x2b CMakeFiles/i2c_7seg.dir/i2c_7seg.cpp.obj
 .ARM.attributes
                0x0000000000000075       0x2b CMakeFiles/i2c_7seg.dir/lib/tm1637.cpp.obj
 .ARM.attributes
                0x00000000000000a0       0x2b CMakeFiles/i2c_7seg.dir/usr/share/pico-sdk/src/rp2_common/hardware_gpio/gpio.c.obj
 .ARM.attributes
                0x00000000000000cb       0x2b CMakeFiles/i2c_7seg.dir/usr/share/pico-sdk/src/rp2_common/hardware_claim/claim.c.obj
 .ARM.attributes
                0x00000000000000f6       0x2b CMakeFiles/i2c_7seg.dir/usr/share/pico-sdk/src/rp2_common/hardware_sync/sync.c.obj
 .ARM.attributes
                0x0000000000000121       0x2b CMakeFiles/i2c_7seg.dir/usr/share/pico-sdk/src/rp2_common/pico_platform/platform.c.obj
 .ARM.attributes
                0x000000000000014c       0x2b CMakeFiles/i2c_7seg.dir/usr/share/pico-sdk/src/common/pico_time/time.c.obj
 .ARM.attributes
                0x0000000000000177       0x2b CMakeFiles/i2c_7seg.dir/usr/share/pico-sdk/src/rp2_common/hardware_timer/timer.c.obj
 .ARM.attributes
                0x00000000000001a2       0x2b CMakeFiles/i2c_7seg.dir/usr/share/pico-sdk/src/common/pico_sync/lock_core.c.obj
 .ARM.attributes
                0x00000000000001cd       0x2b CMakeFiles/i2c_7seg.dir/usr/share/pico-sdk/src/common/pico_sync/mutex.c.obj
 .ARM.attributes
                0x00000000000001f8       0x2b CMakeFiles/i2c_7seg.dir/usr/share/pico-sdk/src/common/pico_sync/critical_section.c.obj
 .ARM.attributes
                0x0000000000000223       0x2b CMakeFiles/i2c_7seg.dir/usr/share/pico-sdk/src/common/pico_util/pheap.c.obj
 .ARM.attributes
                0x000000000000024e       0x2b CMakeFiles/i2c_7seg.dir/usr/share/pico-sdk/src/rp2_common/pico_runtime/runtime.c.obj
 .ARM.attributes
                0x0000000000000279       0x2b CMakeFiles/i2c_7seg.dir/usr/share/pico-sdk/src/rp2_common/hardware_clocks/clocks.c.obj
 .ARM.attributes
                0x00000000000002a4       0x2b CMakeFiles/i2c_7seg.dir/usr/share/pico-sdk/src/rp2_common/hardware_watchdog/watchdog.c.obj
 .ARM.attributes
                0x00000000000002cf       0x2b CMakeFiles/i2c_7seg.dir/usr/share/pico-sdk/src/rp2_common/hardware_xosc/xosc.c.obj
 .ARM.attributes
                0x00000000000002fa       0x2b CMakeFiles/i2c_7seg.dir/usr/share/pico-sdk/src/rp2_common/hardware_pll/pll.c.obj
 .ARM.attributes
                0x0000000000000325       0x2b CMakeFiles/i2c_7seg.dir/usr/share/pico-sdk/src/rp2_common/hardware_irq/irq.c.obj
 .ARM.attributes
                0x0000000000000350       0x22 CMakeFiles/i2c_7seg.dir/usr/share/pico-sdk/src/rp2_common/hardware_irq/irq_handler_chain.S.obj
 .ARM.attributes
                0x0000000000000372       0x2b CMakeFiles/i2c_7seg.dir/usr/share/pico-sdk/src/rp2_common/pico_printf/printf.c.obj
 .ARM.attributes
                0x000000000000039d       0x22 CMakeFiles/i2c_7seg.dir/usr/share/pico-sdk/src/rp2_common/pico_bit_ops/bit_ops_aeabi.S.obj
 .ARM.attributes
                0x00000000000003bf       0x2b CMakeFiles/i2c_7seg.dir/usr/share/pico-sdk/src/rp2_common/pico_bootrom/bootrom.c.obj
 .ARM.attributes
                0x00000000000003ea       0x22 CMakeFiles/i2c_7seg.dir/usr/share/pico-sdk/src/rp2_common/pico_divider/divider.S.obj
 .ARM.attributes
                0x000000000000040c       0x22 CMakeFiles/i2c_7seg.dir/usr/share/pico-sdk/src/rp2_common/pico_double/double_aeabi.S.obj
 .ARM.attributes
                0x000000000000042e       0x2b CMakeFiles/i2c_7seg.dir/usr/share/pico-sdk/src/rp2_common/pico_double/double_init_rom.c.obj
 .ARM.attributes
                0x0000000000000459       0x22 CMakeFiles/i2c_7seg.dir/usr/share/pico-sdk/src/rp2_common/pico_double/double_v1_rom_shim.S.obj
 .ARM.attributes
                0x000000000000047b       0x22 CMakeFiles/i2c_7seg.dir/usr/share/pico-sdk/src/rp2_common/pico_int64_ops/pico_int64_ops_aeabi.S.obj
 .ARM.attributes
                0x000000000000049d       0x22 CMakeFiles/i2c_7seg.dir/usr/share/pico-sdk/src/rp2_common/pico_float/float_aeabi.S.obj
 .ARM.attributes
                0x00000000000004bf       0x2b CMakeFiles/i2c_7seg.dir/usr/share/pico-sdk/src/rp2_common/pico_float/float_init_rom.c.obj
 .ARM.attributes
                0x00000000000004ea       0x22 CMakeFiles/i2c_7seg.dir/usr/share/pico-sdk/src/rp2_common/pico_float/float_v1_rom_shim.S.obj
 .ARM.attributes
                0x000000000000050c       0x22 CMakeFiles/i2c_7seg.dir/usr/share/pico-sdk/src/rp2_common/pico_mem_ops/mem_ops_aeabi.S.obj
 .ARM.attributes
                0x000000000000052e       0x22 CMakeFiles/i2c_7seg.dir/usr/share/pico-sdk/src/rp2_common/pico_standard_link/crt0.S.obj
 .ARM.attributes
                0x0000000000000550       0x32 CMakeFiles/i2c_7seg.dir/usr/share/pico-sdk/src/rp2_common/pico_standard_link/binary_info.c.obj
 .ARM.attributes
                0x0000000000000582       0x2b CMakeFiles/i2c_7seg.dir/usr/share/pico-sdk/src/rp2_common/pico_stdio/stdio.c.obj
 .ARM.attributes
                0x00000000000005ad       0x2b CMakeFiles/i2c_7seg.dir/usr/share/pico-sdk/src/rp2_common/pico_stdio_usb/reset_interface.c.obj
 .ARM.attributes
                0x00000000000005d8       0x2b CMakeFiles/i2c_7seg.dir/usr/share/pico-sdk/src/rp2_common/pico_stdio_usb/stdio_usb.c.obj
 .ARM.attributes
                0x0000000000000603       0x2b CMakeFiles/i2c_7seg.dir/usr/share/pico-sdk/src/rp2_common/pico_stdio_usb/stdio_usb_descriptors.c.obj
 .ARM.attributes
                0x000000000000062e       0x2b CMakeFiles/i2c_7seg.dir/usr/share/pico-sdk/lib/tinyusb/src/portable/raspberrypi/rp2040/dcd_rp2040.c.obj
 .ARM.attributes
                0x0000000000000659       0x2b CMakeFiles/i2c_7seg.dir/usr/share/pico-sdk/lib/tinyusb/src/portable/raspberrypi/rp2040/rp2040_usb.c.obj
 .ARM.attributes
                0x0000000000000684       0x2b CMakeFiles/i2c_7seg.dir/usr/share/pico-sdk/lib/tinyusb/src/device/usbd.c.obj
 .ARM.attributes
                0x00000000000006af       0x2b CMakeFiles/i2c_7seg.dir/usr/share/pico-sdk/lib/tinyusb/src/device/usbd_control.c.obj
 .ARM.attributes
                0x00000000000006da       0x2b CMakeFiles/i2c_7seg.dir/usr/share/pico-sdk/lib/tinyusb/src/class/cdc/cdc_device.c.obj
 .ARM.attributes
                0x0000000000000705       0x2b CMakeFiles/i2c_7seg.dir/usr/share/pico-sdk/lib/tinyusb/src/tusb.c.obj
 .ARM.attributes
                0x0000000000000730       0x2b CMakeFiles/i2c_7seg.dir/usr/share/pico-sdk/lib/tinyusb/src/common/tusb_fifo.c.obj
 .ARM.attributes
                0x000000000000075b       0x22 /tmp/ccd0pTNV.o
 .ARM.attributes
                0x000000000000077d       0x1e /usr/lib/gcc/arm-none-eabi/10.2.0/thumb/v6-m/nofp/libgcc.a(_dvmd_tls.o)
 .ARM.attributes
                0x000000000000079b       0x2c /usr/lib/gcc/arm-none-eabi/10.2.0/../../../../arm-none-eabi/lib/thumb/v6-m/nofp/libc.a(lib_a-atexit.o)
 .ARM.attributes
                0x00000000000007c7       0x2c /usr/lib/gcc/arm-none-eabi/10.2.0/../../../../arm-none-eabi/lib/thumb/v6-m/nofp/libc.a(lib_a-fini.o)
 .ARM.attributes
                0x00000000000007f3       0x2c /usr/lib/gcc/arm-none-eabi/10.2.0/../../../../arm-none-eabi/lib/thumb/v6-m/nofp/libc.a(lib_a-impure.o)
 .ARM.attributes
                0x000000000000081f       0x2c /usr/lib/gcc/arm-none-eabi/10.2.0/../../../../arm-none-eabi/lib/thumb/v6-m/nofp/libc.a(lib_a-strlen-stub.o)
 .ARM.attributes
                0x000000000000084b       0x2c /usr/lib/gcc/arm-none-eabi/10.2.0/../../../../arm-none-eabi/lib/thumb/v6-m/nofp/libc.a(lib_a-__atexit.o)
 .ARM.attributes
                0x0000000000000877       0x2c /usr/lib/gcc/arm-none-eabi/10.2.0/../../../../arm-none-eabi/lib/thumb/v6-m/nofp/libc.a(lib_a-__call_atexit.o)
 .ARM.attributes
                0x00000000000008a3       0x2c /usr/lib/gcc/arm-none-eabi/10.2.0/../../../../arm-none-eabi/lib/thumb/v6-m/nofp/libc.a(lib_a-lock.o)

.comment        0x0000000000000000       0x1e
 .comment       0x0000000000000000       0x1e CMakeFiles/i2c_7seg.dir/i2c_7seg.cpp.obj
                                         0x1f (size before relaxing)
 .comment       0x000000000000001e       0x1f CMakeFiles/i2c_7seg.dir/lib/tm1637.cpp.obj
 .comment       0x000000000000001e       0x1f CMakeFiles/i2c_7seg.dir/usr/share/pico-sdk/src/rp2_common/hardware_gpio/gpio.c.obj
 .comment       0x000000000000001e       0x1f CMakeFiles/i2c_7seg.dir/usr/share/pico-sdk/src/rp2_common/hardware_claim/claim.c.obj
 .comment       0x000000000000001e       0x1f CMakeFiles/i2c_7seg.dir/usr/share/pico-sdk/src/rp2_common/hardware_sync/sync.c.obj
 .comment       0x000000000000001e       0x1f CMakeFiles/i2c_7seg.dir/usr/share/pico-sdk/src/rp2_common/pico_platform/platform.c.obj
 .comment       0x000000000000001e       0x1f CMakeFiles/i2c_7seg.dir/usr/share/pico-sdk/src/common/pico_time/time.c.obj
 .comment       0x000000000000001e       0x1f CMakeFiles/i2c_7seg.dir/usr/share/pico-sdk/src/rp2_common/hardware_timer/timer.c.obj
 .comment       0x000000000000001e       0x1f CMakeFiles/i2c_7seg.dir/usr/share/pico-sdk/src/common/pico_sync/lock_core.c.obj
 .comment       0x000000000000001e       0x1f CMakeFiles/i2c_7seg.dir/usr/share/pico-sdk/src/common/pico_sync/mutex.c.obj
 .comment       0x000000000000001e       0x1f CMakeFiles/i2c_7seg.dir/usr/share/pico-sdk/src/common/pico_sync/critical_section.c.obj
 .comment       0x000000000000001e       0x1f CMakeFiles/i2c_7seg.dir/usr/share/pico-sdk/src/common/pico_util/pheap.c.obj
 .comment       0x000000000000001e       0x1f CMakeFiles/i2c_7seg.dir/usr/share/pico-sdk/src/rp2_common/pico_runtime/runtime.c.obj
 .comment       0x000000000000001e       0x1f CMakeFiles/i2c_7seg.dir/usr/share/pico-sdk/src/rp2_common/hardware_clocks/clocks.c.obj
 .comment       0x000000000000001e       0x1f CMakeFiles/i2c_7seg.dir/usr/share/pico-sdk/src/rp2_common/hardware_watchdog/watchdog.c.obj
 .comment       0x000000000000001e       0x1f CMakeFiles/i2c_7seg.dir/usr/share/pico-sdk/src/rp2_common/hardware_xosc/xosc.c.obj
 .comment       0x000000000000001e       0x1f CMakeFiles/i2c_7seg.dir/usr/share/pico-sdk/src/rp2_common/hardware_pll/pll.c.obj
 .comment       0x000000000000001e       0x1f CMakeFiles/i2c_7seg.dir/usr/share/pico-sdk/src/rp2_common/hardware_irq/irq.c.obj
 .comment       0x000000000000001e       0x1f CMakeFiles/i2c_7seg.dir/usr/share/pico-sdk/src/rp2_common/pico_printf/printf.c.obj
 .comment       0x000000000000001e       0x1f CMakeFiles/i2c_7seg.dir/usr/share/pico-sdk/src/rp2_common/pico_bootrom/bootrom.c.obj
 .comment       0x000000000000001e       0x1f CMakeFiles/i2c_7seg.dir/usr/share/pico-sdk/src/rp2_common/pico_double/double_init_rom.c.obj
 .comment       0x000000000000001e       0x1f CMakeFiles/i2c_7seg.dir/usr/share/pico-sdk/src/rp2_common/pico_float/float_init_rom.c.obj
 .comment       0x000000000000001e       0x1f CMakeFiles/i2c_7seg.dir/usr/share/pico-sdk/src/rp2_common/pico_standard_link/binary_info.c.obj
 .comment       0x000000000000001e       0x1f CMakeFiles/i2c_7seg.dir/usr/share/pico-sdk/src/rp2_common/pico_stdio/stdio.c.obj
 .comment       0x000000000000001e       0x1f CMakeFiles/i2c_7seg.dir/usr/share/pico-sdk/src/rp2_common/pico_stdio_usb/reset_interface.c.obj
 .comment       0x000000000000001e       0x1f CMakeFiles/i2c_7seg.dir/usr/share/pico-sdk/src/rp2_common/pico_stdio_usb/stdio_usb.c.obj
 .comment       0x000000000000001e       0x1f CMakeFiles/i2c_7seg.dir/usr/share/pico-sdk/src/rp2_common/pico_stdio_usb/stdio_usb_descriptors.c.obj
 .comment       0x000000000000001e       0x1f CMakeFiles/i2c_7seg.dir/usr/share/pico-sdk/lib/tinyusb/src/portable/raspberrypi/rp2040/dcd_rp2040.c.obj
 .comment       0x000000000000001e       0x1f CMakeFiles/i2c_7seg.dir/usr/share/pico-sdk/lib/tinyusb/src/portable/raspberrypi/rp2040/rp2040_usb.c.obj
 .comment       0x000000000000001e       0x1f CMakeFiles/i2c_7seg.dir/usr/share/pico-sdk/lib/tinyusb/src/device/usbd.c.obj
 .comment       0x000000000000001e       0x1f CMakeFiles/i2c_7seg.dir/usr/share/pico-sdk/lib/tinyusb/src/device/usbd_control.c.obj
 .comment       0x000000000000001e       0x1f CMakeFiles/i2c_7seg.dir/usr/share/pico-sdk/lib/tinyusb/src/class/cdc/cdc_device.c.obj
 .comment       0x000000000000001e       0x1f CMakeFiles/i2c_7seg.dir/usr/share/pico-sdk/lib/tinyusb/src/tusb.c.obj
 .comment       0x000000000000001e       0x1f CMakeFiles/i2c_7seg.dir/usr/share/pico-sdk/lib/tinyusb/src/common/tusb_fifo.c.obj

.debug_frame    0x0000000000000000      0x1bc
 .debug_frame   0x0000000000000000       0x28 /usr/lib/gcc/arm-none-eabi/10.2.0/../../../../arm-none-eabi/lib/thumb/v6-m/nofp/libc.a(lib_a-atexit.o)
 .debug_frame   0x0000000000000028       0x2c /usr/lib/gcc/arm-none-eabi/10.2.0/../../../../arm-none-eabi/lib/thumb/v6-m/nofp/libc.a(lib_a-fini.o)
 .debug_frame   0x0000000000000054       0x28 /usr/lib/gcc/arm-none-eabi/10.2.0/../../../../arm-none-eabi/lib/thumb/v6-m/nofp/libc.a(lib_a-strlen-stub.o)
 .debug_frame   0x000000000000007c       0x3c /usr/lib/gcc/arm-none-eabi/10.2.0/../../../../arm-none-eabi/lib/thumb/v6-m/nofp/libc.a(lib_a-__atexit.o)
 .debug_frame   0x00000000000000b8       0x54 /usr/lib/gcc/arm-none-eabi/10.2.0/../../../../arm-none-eabi/lib/thumb/v6-m/nofp/libc.a(lib_a-__call_atexit.o)
 .debug_frame   0x000000000000010c       0xb0 /usr/lib/gcc/arm-none-eabi/10.2.0/../../../../arm-none-eabi/lib/thumb/v6-m/nofp/libc.a(lib_a-lock.o)
